Archive member included to satisfy reference by file (symbol)

c:/st/stm32cubeide_1.11.0/stm32cubeide/plugins/com.st.stm32cube.ide.mcu.externaltools.gnu-tools-for-stm32.10.3-2021.10.win32_1.0.100.202210260954/tools/bin/../lib/gcc/arm-none-eabi/10.3.1/../../../../arm-none-eabi/lib/thumb/v7e-m+fp/hard\libc_nano.a(lib_a-errno.o)
                              ./Core/Src/syscalls.o (__errno)
c:/st/stm32cubeide_1.11.0/stm32cubeide/plugins/com.st.stm32cube.ide.mcu.externaltools.gnu-tools-for-stm32.10.3-2021.10.win32_1.0.100.202210260954/tools/bin/../lib/gcc/arm-none-eabi/10.3.1/../../../../arm-none-eabi/lib/thumb/v7e-m+fp/hard\libc_nano.a(lib_a-exit.o)
                              c:/st/stm32cubeide_1.11.0/stm32cubeide/plugins/com.st.stm32cube.ide.mcu.externaltools.gnu-tools-for-stm32.10.3-2021.10.win32_1.0.100.202210260954/tools/bin/../lib/gcc/arm-none-eabi/10.3.1/../../../../arm-none-eabi/lib/thumb/v7e-m+fp/hard/crt0.o (exit)
c:/st/stm32cubeide_1.11.0/stm32cubeide/plugins/com.st.stm32cube.ide.mcu.externaltools.gnu-tools-for-stm32.10.3-2021.10.win32_1.0.100.202210260954/tools/bin/../lib/gcc/arm-none-eabi/10.3.1/../../../../arm-none-eabi/lib/thumb/v7e-m+fp/hard\libc_nano.a(lib_a-impure.o)
                              c:/st/stm32cubeide_1.11.0/stm32cubeide/plugins/com.st.stm32cube.ide.mcu.externaltools.gnu-tools-for-stm32.10.3-2021.10.win32_1.0.100.202210260954/tools/bin/../lib/gcc/arm-none-eabi/10.3.1/../../../../arm-none-eabi/lib/thumb/v7e-m+fp/hard\libc_nano.a(lib_a-exit.o) (_global_impure_ptr)
c:/st/stm32cubeide_1.11.0/stm32cubeide/plugins/com.st.stm32cube.ide.mcu.externaltools.gnu-tools-for-stm32.10.3-2021.10.win32_1.0.100.202210260954/tools/bin/../lib/gcc/arm-none-eabi/10.3.1/../../../../arm-none-eabi/lib/thumb/v7e-m+fp/hard\libc_nano.a(lib_a-init.o)
                              c:/st/stm32cubeide_1.11.0/stm32cubeide/plugins/com.st.stm32cube.ide.mcu.externaltools.gnu-tools-for-stm32.10.3-2021.10.win32_1.0.100.202210260954/tools/bin/../lib/gcc/arm-none-eabi/10.3.1/../../../../arm-none-eabi/lib/thumb/v7e-m+fp/hard/crt0.o (__libc_init_array)
c:/st/stm32cubeide_1.11.0/stm32cubeide/plugins/com.st.stm32cube.ide.mcu.externaltools.gnu-tools-for-stm32.10.3-2021.10.win32_1.0.100.202210260954/tools/bin/../lib/gcc/arm-none-eabi/10.3.1/../../../../arm-none-eabi/lib/thumb/v7e-m+fp/hard\libc_nano.a(lib_a-memset.o)
                              c:/st/stm32cubeide_1.11.0/stm32cubeide/plugins/com.st.stm32cube.ide.mcu.externaltools.gnu-tools-for-stm32.10.3-2021.10.win32_1.0.100.202210260954/tools/bin/../lib/gcc/arm-none-eabi/10.3.1/../../../../arm-none-eabi/lib/thumb/v7e-m+fp/hard/crt0.o (memset)
c:/st/stm32cubeide_1.11.0/stm32cubeide/plugins/com.st.stm32cube.ide.mcu.externaltools.gnu-tools-for-stm32.10.3-2021.10.win32_1.0.100.202210260954/tools/bin/../lib/gcc/arm-none-eabi/10.3.1/../../../../arm-none-eabi/lib/thumb/v7e-m+fp/hard\libc_nano.a(lib_a-strcmp.o)
                              ./Core/Src/main.o (strcmp)
c:/st/stm32cubeide_1.11.0/stm32cubeide/plugins/com.st.stm32cube.ide.mcu.externaltools.gnu-tools-for-stm32.10.3-2021.10.win32_1.0.100.202210260954/tools/bin/../lib/gcc/arm-none-eabi/10.3.1/../../../../arm-none-eabi/lib/thumb/v7e-m+fp/hard\libc_nano.a(lib_a-strlen.o)
                              ./Core/Src/main.o (strlen)
c:/st/stm32cubeide_1.11.0/stm32cubeide/plugins/com.st.stm32cube.ide.mcu.externaltools.gnu-tools-for-stm32.10.3-2021.10.win32_1.0.100.202210260954/tools/bin/../lib/gcc/arm-none-eabi/10.3.1/thumb/v7e-m+fp/hard\libgcc.a(_aeabi_uldivmod.o)
                              ./Drivers/STM32F4xx_HAL_Driver/Src/stm32f4xx_hal_rcc.o (__aeabi_uldivmod)
c:/st/stm32cubeide_1.11.0/stm32cubeide/plugins/com.st.stm32cube.ide.mcu.externaltools.gnu-tools-for-stm32.10.3-2021.10.win32_1.0.100.202210260954/tools/bin/../lib/gcc/arm-none-eabi/10.3.1/thumb/v7e-m+fp/hard\libgcc.a(_udivmoddi4.o)
                              c:/st/stm32cubeide_1.11.0/stm32cubeide/plugins/com.st.stm32cube.ide.mcu.externaltools.gnu-tools-for-stm32.10.3-2021.10.win32_1.0.100.202210260954/tools/bin/../lib/gcc/arm-none-eabi/10.3.1/thumb/v7e-m+fp/hard\libgcc.a(_aeabi_uldivmod.o) (__udivmoddi4)
c:/st/stm32cubeide_1.11.0/stm32cubeide/plugins/com.st.stm32cube.ide.mcu.externaltools.gnu-tools-for-stm32.10.3-2021.10.win32_1.0.100.202210260954/tools/bin/../lib/gcc/arm-none-eabi/10.3.1/thumb/v7e-m+fp/hard\libgcc.a(_dvmd_tls.o)
                              c:/st/stm32cubeide_1.11.0/stm32cubeide/plugins/com.st.stm32cube.ide.mcu.externaltools.gnu-tools-for-stm32.10.3-2021.10.win32_1.0.100.202210260954/tools/bin/../lib/gcc/arm-none-eabi/10.3.1/thumb/v7e-m+fp/hard\libgcc.a(_aeabi_uldivmod.o) (__aeabi_ldiv0)

Discarded input sections

 .text          0x0000000000000000        0x0 c:/st/stm32cubeide_1.11.0/stm32cubeide/plugins/com.st.stm32cube.ide.mcu.externaltools.gnu-tools-for-stm32.10.3-2021.10.win32_1.0.100.202210260954/tools/bin/../lib/gcc/arm-none-eabi/10.3.1/thumb/v7e-m+fp/hard/crti.o
[...]
Memory Configuration

Name             Origin             Length             Attributes
CCMRAM           0x0000000010000000 0x0000000000010000 xrw
RAM              0x0000000020000000 0x0000000000020000 xrw
FLASH            0x0000000008000000 0x0000000000100000 xr
*default*        0x0000000000000000 0xffffffffffffffff

Linker script and memory map

LOAD c:/st/stm32cubeide_1.11.0/stm32cubeide/plugins/com.st.stm32cube.ide.mcu.externaltools.gnu-tools-for-stm32.10.3-2021.10.win32_1.0.100.202210260954/tools/bin/../lib/gcc/arm-none-eabi/10.3.1/thumb/v7e-m+fp/hard/crti.o
LOAD c:/st/stm32cubeide_1.11.0/stm32cubeide/plugins/com.st.stm32cube.ide.mcu.externaltools.gnu-tools-for-stm32.10.3-2021.10.win32_1.0.100.202210260954/tools/bin/../lib/gcc/arm-none-eabi/10.3.1/thumb/v7e-m+fp/hard/crtbegin.o
LOAD c:/st/stm32cubeide_1.11.0/stm32cubeide/plugins/com.st.stm32cube.ide.mcu.externaltools.gnu-tools-for-stm32.10.3-2021.10.win32_1.0.100.202210260954/tools/bin/../lib/gcc/arm-none-eabi/10.3.1/../../../../arm-none-eabi/lib/thumb/v7e-m+fp/hard/crt0.o
LOAD ./Core/Src/main.o
LOAD ./Core/Src/stm32f4xx_hal_msp.o
LOAD ./Core/Src/stm32f4xx_it.o
LOAD ./Core/Src/syscalls.o
LOAD ./Core/Src/sysmem.o
LOAD ./Core/Src/system_stm32f4xx.o
LOAD ./Core/Startup/startup_stm32f407vgtx.o
LOAD ./Drivers/STM32F4xx_HAL_Driver/Src/stm32f4xx_hal.o
LOAD ./Drivers/STM32F4xx_HAL_Driver/Src/stm32f4xx_hal_cortex.o
LOAD ./Drivers/STM32F4xx_HAL_Driver/Src/stm32f4xx_hal_dma.o
LOAD ./Drivers/STM32F4xx_HAL_Driver/Src/stm32f4xx_hal_dma_ex.o
LOAD ./Drivers/STM32F4xx_HAL_Driver/Src/stm32f4xx_hal_exti.o
LOAD ./Drivers/STM32F4xx_HAL_Driver/Src/stm32f4xx_hal_flash.o
LOAD ./Drivers/STM32F4xx_HAL_Driver/Src/stm32f4xx_hal_flash_ex.o
LOAD ./Drivers/STM32F4xx_HAL_Driver/Src/stm32f4xx_hal_flash_ramfunc.o
LOAD ./Drivers/STM32F4xx_HAL_Driver/Src/stm32f4xx_hal_gpio.o
LOAD ./Drivers/STM32F4xx_HAL_Driver/Src/stm32f4xx_hal_pcd.o
LOAD ./Drivers/STM32F4xx_HAL_Driver/Src/stm32f4xx_hal_pcd_ex.o
LOAD ./Drivers/STM32F4xx_HAL_Driver/Src/stm32f4xx_hal_pwr.o
LOAD ./Drivers/STM32F4xx_HAL_Driver/Src/stm32f4xx_hal_pwr_ex.o
LOAD ./Drivers/STM32F4xx_HAL_Driver/Src/stm32f4xx_hal_rcc.o
LOAD ./Drivers/STM32F4xx_HAL_Driver/Src/stm32f4xx_hal_rcc_ex.o
LOAD ./Drivers/STM32F4xx_HAL_Driver/Src/stm32f4xx_hal_tim.o
LOAD ./Drivers/STM32F4xx_HAL_Driver/Src/stm32f4xx_hal_tim_ex.o
LOAD ./Drivers/STM32F4xx_HAL_Driver/Src/stm32f4xx_ll_usb.o
LOAD ./Middlewares/ST/STM32_USB_Device_Library/Class/CDC/Src/usbd_cdc.o
LOAD ./Middlewares/ST/STM32_USB_Device_Library/Core/Src/usbd_core.o
LOAD ./Middlewares/ST/STM32_USB_Device_Library/Core/Src/usbd_ctlreq.o
LOAD ./Middlewares/ST/STM32_USB_Device_Library/Core/Src/usbd_ioreq.o
LOAD ./USB_DEVICE/App/usb_device.o
LOAD ./USB_DEVICE/App/usbd_cdc_if.o
LOAD ./USB_DEVICE/App/usbd_desc.o
LOAD ./USB_DEVICE/Target/usbd_conf.o
START GROUP
LOAD c:/st/stm32cubeide_1.11.0/stm32cubeide/plugins/com.st.stm32cube.ide.mcu.externaltools.gnu-tools-for-stm32.10.3-2021.10.win32_1.0.100.202210260954/tools/bin/../lib/gcc/arm-none-eabi/10.3.1/../../../../arm-none-eabi/lib/thumb/v7e-m+fp/hard\libc_nano.a
LOAD c:/st/stm32cubeide_1.11.0/stm32cubeide/plugins/com.st.stm32cube.ide.mcu.externaltools.gnu-tools-for-stm32.10.3-2021.10.win32_1.0.100.202210260954/tools/bin/../lib/gcc/arm-none-eabi/10.3.1/../../../../arm-none-eabi/lib/thumb/v7e-m+fp/hard\libm.a
END GROUP
START GROUP
LOAD c:/st/stm32cubeide_1.11.0/stm32cubeide/plugins/com.st.stm32cube.ide.mcu.externaltools.gnu-tools-for-stm32.10.3-2021.10.win32_1.0.100.202210260954/tools/bin/../lib/gcc/arm-none-eabi/10.3.1/thumb/v7e-m+fp/hard\libgcc.a
LOAD c:/st/stm32cubeide_1.11.0/stm32cubeide/plugins/com.st.stm32cube.ide.mcu.externaltools.gnu-tools-for-stm32.10.3-2021.10.win32_1.0.100.202210260954/tools/bin/../lib/gcc/arm-none-eabi/10.3.1/../../../../arm-none-eabi/lib/thumb/v7e-m+fp/hard\libc_nano.a
END GROUP
START GROUP
LOAD c:/st/stm32cubeide_1.11.0/stm32cubeide/plugins/com.st.stm32cube.ide.mcu.externaltools.gnu-tools-for-stm32.10.3-2021.10.win32_1.0.100.202210260954/tools/bin/../lib/gcc/arm-none-eabi/10.3.1/thumb/v7e-m+fp/hard\libgcc.a
LOAD c:/st/stm32cubeide_1.11.0/stm32cubeide/plugins/com.st.stm32cube.ide.mcu.externaltools.gnu-tools-for-stm32.10.3-2021.10.win32_1.0.100.202210260954/tools/bin/../lib/gcc/arm-none-eabi/10.3.1/../../../../arm-none-eabi/lib/thumb/v7e-m+fp/hard\libc_nano.a
LOAD c:/st/stm32cubeide_1.11.0/stm32cubeide/plugins/com.st.stm32cube.ide.mcu.externaltools.gnu-tools-for-stm32.10.3-2021.10.win32_1.0.100.202210260954/tools/bin/../lib/gcc/arm-none-eabi/10.3.1/../../../../arm-none-eabi/lib/thumb/v7e-m+fp/hard\libnosys.a
END GROUP
START GROUP
LOAD c:/st/stm32cubeide_1.11.0/stm32cubeide/plugins/com.st.stm32cube.ide.mcu.externaltools.gnu-tools-for-stm32.10.3-2021.10.win32_1.0.100.202210260954/tools/bin/../lib/gcc/arm-none-eabi/10.3.1/thumb/v7e-m+fp/hard\libgcc.a
LOAD c:/st/stm32cubeide_1.11.0/stm32cubeide/plugins/com.st.stm32cube.ide.mcu.externaltools.gnu-tools-for-stm32.10.3-2021.10.win32_1.0.100.202210260954/tools/bin/../lib/gcc/arm-none-eabi/10.3.1/../../../../arm-none-eabi/lib/thumb/v7e-m+fp/hard\libc_nano.a
LOAD c:/st/stm32cubeide_1.11.0/stm32cubeide/plugins/com.st.stm32cube.ide.mcu.externaltools.gnu-tools-for-stm32.10.3-2021.10.win32_1.0.100.202210260954/tools/bin/../lib/gcc/arm-none-eabi/10.3.1/../../../../arm-none-eabi/lib/thumb/v7e-m+fp/hard\libnosys.a
END GROUP
LOAD c:/st/stm32cubeide_1.11.0/stm32cubeide/plugins/com.st.stm32cube.ide.mcu.externaltools.gnu-tools-for-stm32.10.3-2021.10.win32_1.0.100.202210260954/tools/bin/../lib/gcc/arm-none-eabi/10.3.1/thumb/v7e-m+fp/hard/crtend.o
LOAD c:/st/stm32cubeide_1.11.0/stm32cubeide/plugins/com.st.stm32cube.ide.mcu.externaltools.gnu-tools-for-stm32.10.3-2021.10.win32_1.0.100.202210260954/tools/bin/../lib/gcc/arm-none-eabi/10.3.1/thumb/v7e-m+fp/hard/crtn.o
                0x0000000020020000                _estack = (ORIGIN (RAM) + LENGTH (RAM))
                0x0000000000000200                _Min_Heap_Size = 0x200
                0x0000000000000400                _Min_Stack_Size = 0x400

.isr_vector     0x0000000008000000      0x188
                0x0000000008000000                . = ALIGN (0x4)
 *(.isr_vector)
 .isr_vector    0x0000000008000000      0x188 ./Core/Startup/startup_stm32f407vgtx.o
                0x0000000008000000                g_pfnVectors
                0x0000000008000188                . = ALIGN (0x4)

.text           0x0000000008000188     0x76f8
                0x0000000008000188                . = ALIGN (0x4)
 *(.text)
 .text          0x0000000008000188       0x40 c:/st/stm32cubeide_1.11.0/stm32cubeide/plugins/com.st.stm32cube.ide.mcu.externaltools.gnu-tools-for-stm32.10.3-2021.10.win32_1.0.100.202210260954/tools/bin/../lib/gcc/arm-none-eabi/10.3.1/thumb/v7e-m+fp/hard/crtbegin.o
 .text          0x00000000080001c8       0x14 c:/st/stm32cubeide_1.11.0/stm32cubeide/plugins/com.st.stm32cube.ide.mcu.externaltools.gnu-tools-for-stm32.10.3-2021.10.win32_1.0.100.202210260954/tools/bin/../lib/gcc/arm-none-eabi/10.3.1/../../../../arm-none-eabi/lib/thumb/v7e-m+fp/hard\libc_nano.a(lib_a-strcmp.o)
                0x00000000080001c8                strcmp
 .text          0x00000000080001dc       0x10 c:/st/stm32cubeide_1.11.0/stm32cubeide/plugins/com.st.stm32cube.ide.mcu.externaltools.gnu-tools-for-stm32.10.3-2021.10.win32_1.0.100.202210260954/tools/bin/../lib/gcc/arm-none-eabi/10.3.1/../../../../arm-none-eabi/lib/thumb/v7e-m+fp/hard\libc_nano.a(lib_a-strlen.o)
                0x00000000080001dc                strlen
 .text          0x00000000080001ec       0x30 c:/st/stm32cubeide_1.11.0/stm32cubeide/plugins/com.st.stm32cube.ide.mcu.externaltools.gnu-tools-for-stm32.10.3-2021.10.win32_1.0.100.202210260954/tools/bin/../lib/gcc/arm-none-eabi/10.3.1/thumb/v7e-m+fp/hard\libgcc.a(_aeabi_uldivmod.o)
                0x00000000080001ec                __aeabi_uldivmod
 .text          0x000000000800021c      0x2d0 c:/st/stm32cubeide_1.11.0/stm32cubeide/plugins/com.st.stm32cube.ide.mcu.externaltools.gnu-tools-for-stm32.10.3-2021.10.win32_1.0.100.202210260954/tools/bin/../lib/gcc/arm-none-eabi/10.3.1/thumb/v7e-m+fp/hard\libgcc.a(_udivmoddi4.o)
                0x000000000800021c                __udivmoddi4
 .text          0x00000000080004ec        0x4 c:/st/stm32cubeide_1.11.0/stm32cubeide/plugins/com.st.stm32cube.ide.mcu.externaltools.gnu-tools-for-stm32.10.3-2021.10.win32_1.0.100.202210260954/tools/bin/../lib/gcc/arm-none-eabi/10.3.1/thumb/v7e-m+fp/hard\libgcc.a(_dvmd_tls.o)
                0x00000000080004ec                __aeabi_idiv0
                0x00000000080004ec                __aeabi_ldiv0
 *(.text*)
 .text.name     0x00000000080004f0       0x84 ./Core/Src/main.o
                0x00000000080004f0                name
 .text.main     0x0000000008000574       0x24 ./Core/Src/main.o
                0x0000000008000574                main
 .text.SystemClock_Config
                0x0000000008000598       0xd4 ./Core/Src/main.o
                0x0000000008000598                SystemClock_Config
 .text.MX_TIM6_Init
                0x000000000800066c       0x6c ./Core/Src/main.o
 .text.MX_GPIO_Init
                0x00000000080006d8      0x100 ./Core/Src/main.o
 .text.HAL_GPIO_EXTI_Callback
                0x00000000080007d8       0xe0 ./Core/Src/main.o
                0x00000000080007d8                HAL_GPIO_EXTI_Callback
 .text.Error_Handler
                0x00000000080008b8        0xa ./Core/Src/main.o
                0x00000000080008b8                Error_Handler
 *fill*         0x00000000080008c2        0x2 
 .text.HAL_MspInit
                0x00000000080008c4       0x50 ./Core/Src/stm32f4xx_hal_msp.o
                0x00000000080008c4                HAL_MspInit
 .text.HAL_TIM_Base_MspInit
                0x0000000008000914       0x50 ./Core/Src/stm32f4xx_hal_msp.o
                0x0000000008000914                HAL_TIM_Base_MspInit
 .text.NMI_Handler
                0x0000000008000964        0x6 ./Core/Src/stm32f4xx_it.o
                0x0000000008000964                NMI_Handler
 .text.HardFault_Handler
                0x000000000800096a        0x6 ./Core/Src/stm32f4xx_it.o
                0x000000000800096a                HardFault_Handler
 .text.MemManage_Handler
                0x0000000008000970        0x6 ./Core/Src/stm32f4xx_it.o
                0x0000000008000970                MemManage_Handler
 .text.BusFault_Handler
                0x0000000008000976        0x6 ./Core/Src/stm32f4xx_it.o
                0x0000000008000976                BusFault_Handler
 .text.UsageFault_Handler
                0x000000000800097c        0x6 ./Core/Src/stm32f4xx_it.o
                0x000000000800097c                UsageFault_Handler
 .text.SVC_Handler
                0x0000000008000982        0xe ./Core/Src/stm32f4xx_it.o
                0x0000000008000982                SVC_Handler
 .text.DebugMon_Handler
                0x0000000008000990        0xe ./Core/Src/stm32f4xx_it.o
                0x0000000008000990                DebugMon_Handler
 .text.PendSV_Handler
                0x000000000800099e        0xe ./Core/Src/stm32f4xx_it.o
                0x000000000800099e                PendSV_Handler
 .text.SysTick_Handler
                0x00000000080009ac        0xc ./Core/Src/stm32f4xx_it.o
                0x00000000080009ac                SysTick_Handler
 .text.EXTI0_IRQHandler
                0x00000000080009b8        0xe ./Core/Src/stm32f4xx_it.o
                0x00000000080009b8                EXTI0_IRQHandler
 .text.EXTI1_IRQHandler
                0x00000000080009c6        0xe ./Core/Src/stm32f4xx_it.o
                0x00000000080009c6                EXTI1_IRQHandler
 .text.TIM6_DAC_IRQHandler
                0x00000000080009d4       0x14 ./Core/Src/stm32f4xx_it.o
                0x00000000080009d4                TIM6_DAC_IRQHandler
 .text.OTG_FS_IRQHandler
                0x00000000080009e8       0x14 ./Core/Src/stm32f4xx_it.o
                0x00000000080009e8                OTG_FS_IRQHandler
 .text.SystemInit
                0x00000000080009fc       0x24 ./Core/Src/system_stm32f4xx.o
                0x00000000080009fc                SystemInit
 .text.Reset_Handler
                0x0000000008000a20       0x50 ./Core/Startup/startup_stm32f407vgtx.o
                0x0000000008000a20                Reset_Handler
 .text.Default_Handler
                0x0000000008000a70        0x2 ./Core/Startup/startup_stm32f407vgtx.o
                0x0000000008000a70                RTC_Alarm_IRQHandler
                0x0000000008000a70                HASH_RNG_IRQHandler
                0x0000000008000a70                EXTI2_IRQHandler
                0x0000000008000a70                TIM8_CC_IRQHandler
                0x0000000008000a70                TIM1_CC_IRQHandler
                0x0000000008000a70                DMA2_Stream5_IRQHandler
                0x0000000008000a70                DMA1_Stream5_IRQHandler
                0x0000000008000a70                PVD_IRQHandler
                0x0000000008000a70                SDIO_IRQHandler
                0x0000000008000a70                TAMP_STAMP_IRQHandler
                0x0000000008000a70                CAN2_RX1_IRQHandler
                0x0000000008000a70                EXTI3_IRQHandler
                0x0000000008000a70                TIM8_TRG_COM_TIM14_IRQHandler
                0x0000000008000a70                TIM1_UP_TIM10_IRQHandler
                0x0000000008000a70                TIM8_UP_TIM13_IRQHandler
                0x0000000008000a70                I2C3_ER_IRQHandler
                0x0000000008000a70                I2C2_EV_IRQHandler
                0x0000000008000a70                DMA1_Stream2_IRQHandler
                0x0000000008000a70                CAN1_RX0_IRQHandler
                0x0000000008000a70                FPU_IRQHandler
                0x0000000008000a70                OTG_HS_WKUP_IRQHandler
                0x0000000008000a70                CAN2_SCE_IRQHandler
                0x0000000008000a70                DMA2_Stream2_IRQHandler
                0x0000000008000a70                SPI1_IRQHandler
                0x0000000008000a70                TIM1_BRK_TIM9_IRQHandler
                0x0000000008000a70                DCMI_IRQHandler
                0x0000000008000a70                CAN2_RX0_IRQHandler
                0x0000000008000a70                DMA2_Stream3_IRQHandler
                0x0000000008000a70                USART6_IRQHandler
                0x0000000008000a70                USART3_IRQHandler
                0x0000000008000a70                CAN1_RX1_IRQHandler
                0x0000000008000a70                UART5_IRQHandler
                0x0000000008000a70                DMA2_Stream0_IRQHandler
                0x0000000008000a70                TIM4_IRQHandler
                0x0000000008000a70                I2C1_EV_IRQHandler
                0x0000000008000a70                DMA1_Stream6_IRQHandler
                0x0000000008000a70                DMA1_Stream1_IRQHandler
                0x0000000008000a70                UART4_IRQHandler
                0x0000000008000a70                TIM3_IRQHandler
                0x0000000008000a70                RCC_IRQHandler
                0x0000000008000a70                TIM8_BRK_TIM12_IRQHandler
                0x0000000008000a70                Default_Handler
                0x0000000008000a70                EXTI15_10_IRQHandler
                0x0000000008000a70                ADC_IRQHandler
                0x0000000008000a70                DMA1_Stream7_IRQHandler
                0x0000000008000a70                TIM7_IRQHandler
                0x0000000008000a70                CAN2_TX_IRQHandler
                0x0000000008000a70                TIM5_IRQHandler
                0x0000000008000a70                DMA2_Stream7_IRQHandler
                0x0000000008000a70                I2C3_EV_IRQHandler
                0x0000000008000a70                EXTI9_5_IRQHandler
                0x0000000008000a70                RTC_WKUP_IRQHandler
                0x0000000008000a70                ETH_WKUP_IRQHandler
                0x0000000008000a70                SPI2_IRQHandler
                0x0000000008000a70                OTG_HS_EP1_IN_IRQHandler
                0x0000000008000a70                DMA1_Stream0_IRQHandler
                0x0000000008000a70                CAN1_TX_IRQHandler
                0x0000000008000a70                EXTI4_IRQHandler
                0x0000000008000a70                FSMC_IRQHandler
                0x0000000008000a70                ETH_IRQHandler
                0x0000000008000a70                OTG_HS_EP1_OUT_IRQHandler
                0x0000000008000a70                WWDG_IRQHandler
                0x0000000008000a70                TIM2_IRQHandler
                0x0000000008000a70                OTG_FS_WKUP_IRQHandler
                0x0000000008000a70                TIM1_TRG_COM_TIM11_IRQHandler
                0x0000000008000a70                OTG_HS_IRQHandler
                0x0000000008000a70                USART2_IRQHandler
                0x0000000008000a70                I2C2_ER_IRQHandler
                0x0000000008000a70                DMA2_Stream1_IRQHandler
                0x0000000008000a70                CAN1_SCE_IRQHandler
                0x0000000008000a70                FLASH_IRQHandler
                0x0000000008000a70                DMA2_Stream4_IRQHandler
                0x0000000008000a70                USART1_IRQHandler
                0x0000000008000a70                SPI3_IRQHandler
                0x0000000008000a70                DMA1_Stream4_IRQHandler
                0x0000000008000a70                I2C1_ER_IRQHandler
                0x0000000008000a70                DMA2_Stream6_IRQHandler
                0x0000000008000a70                DMA1_Stream3_IRQHandler
 *fill*         0x0000000008000a72        0x2 
 .text.HAL_Init
                0x0000000008000a74       0x44 ./Drivers/STM32F4xx_HAL_Driver/Src/stm32f4xx_hal.o
                0x0000000008000a74                HAL_Init
 .text.HAL_InitTick
                0x0000000008000ab8       0x60 ./Drivers/STM32F4xx_HAL_Driver/Src/stm32f4xx_hal.o
                0x0000000008000ab8                HAL_InitTick
 .text.HAL_IncTick
                0x0000000008000b18       0x28 ./Drivers/STM32F4xx_HAL_Driver/Src/stm32f4xx_hal.o
                0x0000000008000b18                HAL_IncTick
 .text.HAL_GetTick
                0x0000000008000b40       0x18 ./Drivers/STM32F4xx_HAL_Driver/Src/stm32f4xx_hal.o
                0x0000000008000b40                HAL_GetTick
 .text.HAL_Delay
                0x0000000008000b58       0x48 ./Drivers/STM32F4xx_HAL_Driver/Src/stm32f4xx_hal.o
                0x0000000008000b58                HAL_Delay
 .text.__NVIC_SetPriorityGrouping
                0x0000000008000ba0       0x48 ./Drivers/STM32F4xx_HAL_Driver/Src/stm32f4xx_hal_cortex.o
 .text.__NVIC_GetPriorityGrouping
                0x0000000008000be8       0x1c ./Drivers/STM32F4xx_HAL_Driver/Src/stm32f4xx_hal_cortex.o
 .text.__NVIC_EnableIRQ
                0x0000000008000c04       0x3c ./Drivers/STM32F4xx_HAL_Driver/Src/stm32f4xx_hal_cortex.o
 .text.__NVIC_SetPriority
                0x0000000008000c40       0x54 ./Drivers/STM32F4xx_HAL_Driver/Src/stm32f4xx_hal_cortex.o
 .text.NVIC_EncodePriority
                0x0000000008000c94       0x66 ./Drivers/STM32F4xx_HAL_Driver/Src/stm32f4xx_hal_cortex.o
 *fill*         0x0000000008000cfa        0x2 
 .text.SysTick_Config
                0x0000000008000cfc       0x44 ./Drivers/STM32F4xx_HAL_Driver/Src/stm32f4xx_hal_cortex.o
 .text.HAL_NVIC_SetPriorityGrouping
                0x0000000008000d40       0x16 ./Drivers/STM32F4xx_HAL_Driver/Src/stm32f4xx_hal_cortex.o
                0x0000000008000d40                HAL_NVIC_SetPriorityGrouping
 .text.HAL_NVIC_SetPriority
                0x0000000008000d56       0x38 ./Drivers/STM32F4xx_HAL_Driver/Src/stm32f4xx_hal_cortex.o
                0x0000000008000d56                HAL_NVIC_SetPriority
 .text.HAL_NVIC_EnableIRQ
                0x0000000008000d8e       0x1c ./Drivers/STM32F4xx_HAL_Driver/Src/stm32f4xx_hal_cortex.o
                0x0000000008000d8e                HAL_NVIC_EnableIRQ
 .text.HAL_SYSTICK_Config
                0x0000000008000daa       0x18 ./Drivers/STM32F4xx_HAL_Driver/Src/stm32f4xx_hal_cortex.o
                0x0000000008000daa                HAL_SYSTICK_Config
 *fill*         0x0000000008000dc2        0x2 
 .text.HAL_GPIO_Init
                0x0000000008000dc4      0x338 ./Drivers/STM32F4xx_HAL_Driver/Src/stm32f4xx_hal_gpio.o
                0x0000000008000dc4                HAL_GPIO_Init
 .text.HAL_GPIO_ReadPin
                0x00000000080010fc       0x30 ./Drivers/STM32F4xx_HAL_Driver/Src/stm32f4xx_hal_gpio.o
                0x00000000080010fc                HAL_GPIO_ReadPin
 .text.HAL_GPIO_WritePin
                0x000000000800112c       0x32 ./Drivers/STM32F4xx_HAL_Driver/Src/stm32f4xx_hal_gpio.o
                0x000000000800112c                HAL_GPIO_WritePin
 *fill*         0x000000000800115e        0x2 
 .text.HAL_GPIO_EXTI_IRQHandler
                0x0000000008001160       0x30 ./Drivers/STM32F4xx_HAL_Driver/Src/stm32f4xx_hal_gpio.o
                0x0000000008001160                HAL_GPIO_EXTI_IRQHandler
 .text.HAL_PCD_Init
                0x0000000008001190      0x23a ./Drivers/STM32F4xx_HAL_Driver/Src/stm32f4xx_hal_pcd.o
                0x0000000008001190                HAL_PCD_Init
 .text.HAL_PCD_Start
                0x00000000080013ca       0x66 ./Drivers/STM32F4xx_HAL_Driver/Src/stm32f4xx_hal_pcd.o
                0x00000000080013ca                HAL_PCD_Start
 .text.HAL_PCD_IRQHandler
                0x0000000008001430      0x93e ./Drivers/STM32F4xx_HAL_Driver/Src/stm32f4xx_hal_pcd.o
                0x0000000008001430                HAL_PCD_IRQHandler
 .text.HAL_PCD_SetAddress
                0x0000000008001d6e       0x4a ./Drivers/STM32F4xx_HAL_Driver/Src/stm32f4xx_hal_pcd.o
                0x0000000008001d6e                HAL_PCD_SetAddress
 .text.HAL_PCD_EP_Open
                0x0000000008001db8       0xd0 ./Drivers/STM32F4xx_HAL_Driver/Src/stm32f4xx_hal_pcd.o
                0x0000000008001db8                HAL_PCD_EP_Open
 .text.HAL_PCD_EP_Close
                0x0000000008001e88       0x94 ./Drivers/STM32F4xx_HAL_Driver/Src/stm32f4xx_hal_pcd.o
                0x0000000008001e88                HAL_PCD_EP_Close
 .text.HAL_PCD_EP_Receive
                0x0000000008001f1c       0x96 ./Drivers/STM32F4xx_HAL_Driver/Src/stm32f4xx_hal_pcd.o
                0x0000000008001f1c                HAL_PCD_EP_Receive
 .text.HAL_PCD_EP_GetRxCount
                0x0000000008001fb2       0x30 ./Drivers/STM32F4xx_HAL_Driver/Src/stm32f4xx_hal_pcd.o
                0x0000000008001fb2                HAL_PCD_EP_GetRxCount
 .text.HAL_PCD_EP_Transmit
                0x0000000008001fe2       0x94 ./Drivers/STM32F4xx_HAL_Driver/Src/stm32f4xx_hal_pcd.o
                0x0000000008001fe2                HAL_PCD_EP_Transmit
 .text.HAL_PCD_EP_SetStall
                0x0000000008002076       0xc8 ./Drivers/STM32F4xx_HAL_Driver/Src/stm32f4xx_hal_pcd.o
                0x0000000008002076                HAL_PCD_EP_SetStall
 .text.HAL_PCD_EP_ClrStall
                0x000000000800213e       0xac ./Drivers/STM32F4xx_HAL_Driver/Src/stm32f4xx_hal_pcd.o
                0x000000000800213e                HAL_PCD_EP_ClrStall
 .text.HAL_PCD_EP_Abort
                0x00000000080021ea       0x62 ./Drivers/STM32F4xx_HAL_Driver/Src/stm32f4xx_hal_pcd.o
                0x00000000080021ea                HAL_PCD_EP_Abort
 .text.PCD_WriteEmptyTxFifo
                0x000000000800224c      0x11a ./Drivers/STM32F4xx_HAL_Driver/Src/stm32f4xx_hal_pcd.o
 *fill*         0x0000000008002366        0x2 
 .text.PCD_EP_OutXfrComplete_int
                0x0000000008002368      0x1d0 ./Drivers/STM32F4xx_HAL_Driver/Src/stm32f4xx_hal_pcd.o
 .text.PCD_EP_OutSetupPacket_int
                0x0000000008002538       0x8c ./Drivers/STM32F4xx_HAL_Driver/Src/stm32f4xx_hal_pcd.o
 .text.HAL_PCDEx_SetTxFiFo
                0x00000000080025c4       0x8e ./Drivers/STM32F4xx_HAL_Driver/Src/stm32f4xx_hal_pcd_ex.o
                0x00000000080025c4                HAL_PCDEx_SetTxFiFo
 .text.HAL_PCDEx_SetRxFiFo
                0x0000000008002652       0x22 ./Drivers/STM32F4xx_HAL_Driver/Src/stm32f4xx_hal_pcd_ex.o
                0x0000000008002652                HAL_PCDEx_SetRxFiFo
 .text.HAL_PCDEx_LPM_Callback
                0x0000000008002674       0x18 ./Drivers/STM32F4xx_HAL_Driver/Src/stm32f4xx_hal_pcd_ex.o
                0x0000000008002674                HAL_PCDEx_LPM_Callback
 .text.HAL_RCC_OscConfig
                0x000000000800268c      0x4f0 ./Drivers/STM32F4xx_HAL_Driver/Src/stm32f4xx_hal_rcc.o
                0x000000000800268c                HAL_RCC_OscConfig
 .text.HAL_RCC_ClockConfig
                0x0000000008002b7c      0x1cc ./Drivers/STM32F4xx_HAL_Driver/Src/stm32f4xx_hal_rcc.o
                0x0000000008002b7c                HAL_RCC_ClockConfig
 .text.HAL_RCC_GetSysClockFreq
                0x0000000008002d48      0x20c ./Drivers/STM32F4xx_HAL_Driver/Src/stm32f4xx_hal_rcc.o
                0x0000000008002d48                HAL_RCC_GetSysClockFreq
 .text.HAL_RCC_GetHCLKFreq
                0x0000000008002f54       0x18 ./Drivers/STM32F4xx_HAL_Driver/Src/stm32f4xx_hal_rcc.o
                0x0000000008002f54                HAL_RCC_GetHCLKFreq
 .text.HAL_TIM_Base_Init
                0x0000000008002f6c       0x9e ./Drivers/STM32F4xx_HAL_Driver/Src/stm32f4xx_hal_tim.o
                0x0000000008002f6c                HAL_TIM_Base_Init
 *fill*         0x000000000800300a        0x2 
 .text.HAL_TIM_Base_Start
                0x000000000800300c       0xd0 ./Drivers/STM32F4xx_HAL_Driver/Src/stm32f4xx_hal_tim.o
                0x000000000800300c                HAL_TIM_Base_Start
 .text.HAL_TIM_IRQHandler
                0x00000000080030dc      0x210 ./Drivers/STM32F4xx_HAL_Driver/Src/stm32f4xx_hal_tim.o
                0x00000000080030dc                HAL_TIM_IRQHandler
 .text.HAL_TIM_PeriodElapsedCallback
                0x00000000080032ec       0x14 ./Drivers/STM32F4xx_HAL_Driver/Src/stm32f4xx_hal_tim.o
                0x00000000080032ec                HAL_TIM_PeriodElapsedCallback
 .text.HAL_TIM_OC_DelayElapsedCallback
                0x0000000008003300       0x14 ./Drivers/STM32F4xx_HAL_Driver/Src/stm32f4xx_hal_tim.o
                0x0000000008003300                HAL_TIM_OC_DelayElapsedCallback
 .text.HAL_TIM_IC_CaptureCallback
                0x0000000008003314       0x14 ./Drivers/STM32F4xx_HAL_Driver/Src/stm32f4xx_hal_tim.o
                0x0000000008003314                HAL_TIM_IC_CaptureCallback
 .text.HAL_TIM_PWM_PulseFinishedCallback
                0x0000000008003328       0x14 ./Drivers/STM32F4xx_HAL_Driver/Src/stm32f4xx_hal_tim.o
                0x0000000008003328                HAL_TIM_PWM_PulseFinishedCallback
 .text.HAL_TIM_TriggerCallback
                0x000000000800333c       0x14 ./Drivers/STM32F4xx_HAL_Driver/Src/stm32f4xx_hal_tim.o
                0x000000000800333c                HAL_TIM_TriggerCallback
 .text.TIM_Base_SetConfig
                0x0000000008003350      0x140 ./Drivers/STM32F4xx_HAL_Driver/Src/stm32f4xx_hal_tim.o
                0x0000000008003350                TIM_Base_SetConfig
 .text.HAL_TIMEx_MasterConfigSynchronization
                0x0000000008003490       0xf8 ./Drivers/STM32F4xx_HAL_Driver/Src/stm32f4xx_hal_tim_ex.o
                0x0000000008003490                HAL_TIMEx_MasterConfigSynchronization
 .text.HAL_TIMEx_CommutCallback
                0x0000000008003588       0x14 ./Drivers/STM32F4xx_HAL_Driver/Src/stm32f4xx_hal_tim_ex.o
                0x0000000008003588                HAL_TIMEx_CommutCallback
 .text.HAL_TIMEx_BreakCallback
                0x000000000800359c       0x14 ./Drivers/STM32F4xx_HAL_Driver/Src/stm32f4xx_hal_tim_ex.o
                0x000000000800359c                HAL_TIMEx_BreakCallback
 .text.USB_CoreInit
                0x00000000080035b0       0xc2 ./Drivers/STM32F4xx_HAL_Driver/Src/stm32f4xx_ll_usb.o
                0x00000000080035b0                USB_CoreInit
 *fill*         0x0000000008003672        0x2 
 .text.USB_SetTurnaroundTime
                0x0000000008003674      0x144 ./Drivers/STM32F4xx_HAL_Driver/Src/stm32f4xx_ll_usb.o
                0x0000000008003674                USB_SetTurnaroundTime
 .text.USB_EnableGlobalInt
                0x00000000080037b8       0x22 ./Drivers/STM32F4xx_HAL_Driver/Src/stm32f4xx_ll_usb.o
                0x00000000080037b8                USB_EnableGlobalInt
 .text.USB_DisableGlobalInt
                0x00000000080037da       0x22 ./Drivers/STM32F4xx_HAL_Driver/Src/stm32f4xx_ll_usb.o
                0x00000000080037da                USB_DisableGlobalInt
 .text.USB_SetCurrentMode
                0x00000000080037fc       0x98 ./Drivers/STM32F4xx_HAL_Driver/Src/stm32f4xx_ll_usb.o
                0x00000000080037fc                USB_SetCurrentMode
 .text.USB_DevInit
                0x0000000008003894      0x2c8 ./Drivers/STM32F4xx_HAL_Driver/Src/stm32f4xx_ll_usb.o
                0x0000000008003894                USB_DevInit
 .text.USB_FlushTxFifo
                0x0000000008003b5c       0x68 ./Drivers/STM32F4xx_HAL_Driver/Src/stm32f4xx_ll_usb.o
                0x0000000008003b5c                USB_FlushTxFifo
 .text.USB_FlushRxFifo
                0x0000000008003bc4       0x60 ./Drivers/STM32F4xx_HAL_Driver/Src/stm32f4xx_ll_usb.o
                0x0000000008003bc4                USB_FlushRxFifo
 .text.USB_SetDevSpeed
                0x0000000008003c24       0x32 ./Drivers/STM32F4xx_HAL_Driver/Src/stm32f4xx_ll_usb.o
                0x0000000008003c24                USB_SetDevSpeed
 .text.USB_GetDevSpeed
                0x0000000008003c56       0x4a ./Drivers/STM32F4xx_HAL_Driver/Src/stm32f4xx_ll_usb.o
                0x0000000008003c56                USB_GetDevSpeed
 .text.USB_ActivateEndpoint
                0x0000000008003ca0      0x10e ./Drivers/STM32F4xx_HAL_Driver/Src/stm32f4xx_ll_usb.o
                0x0000000008003ca0                USB_ActivateEndpoint
 *fill*         0x0000000008003dae        0x2 
 .text.USB_DeactivateEndpoint
                0x0000000008003db0      0x1b8 ./Drivers/STM32F4xx_HAL_Driver/Src/stm32f4xx_ll_usb.o
                0x0000000008003db0                USB_DeactivateEndpoint
 .text.USB_EPStartXfer
                0x0000000008003f68      0x490 ./Drivers/STM32F4xx_HAL_Driver/Src/stm32f4xx_ll_usb.o
                0x0000000008003f68                USB_EPStartXfer
 .text.USB_EP0StartXfer
                0x00000000080043f8      0x2b0 ./Drivers/STM32F4xx_HAL_Driver/Src/stm32f4xx_ll_usb.o
                0x00000000080043f8                USB_EP0StartXfer
 .text.USB_EPStopXfer
                0x00000000080046a8      0x154 ./Drivers/STM32F4xx_HAL_Driver/Src/stm32f4xx_ll_usb.o
                0x00000000080046a8                USB_EPStopXfer
 .text.USB_WritePacket
                0x00000000080047fc       0x7c ./Drivers/STM32F4xx_HAL_Driver/Src/stm32f4xx_ll_usb.o
                0x00000000080047fc                USB_WritePacket
 .text.USB_ReadPacket
                0x0000000008004878       0xb0 ./Drivers/STM32F4xx_HAL_Driver/Src/stm32f4xx_ll_usb.o
                0x0000000008004878                USB_ReadPacket
 .text.USB_EPSetStall
                0x0000000008004928       0xdc ./Drivers/STM32F4xx_HAL_Driver/Src/stm32f4xx_ll_usb.o
                0x0000000008004928                USB_EPSetStall
 .text.USB_EPClearStall
                0x0000000008004a04       0xcc ./Drivers/STM32F4xx_HAL_Driver/Src/stm32f4xx_ll_usb.o
                0x0000000008004a04                USB_EPClearStall
 .text.USB_SetDevAddress
                0x0000000008004ad0       0x4c ./Drivers/STM32F4xx_HAL_Driver/Src/stm32f4xx_ll_usb.o
                0x0000000008004ad0                USB_SetDevAddress
 .text.USB_DevConnect
                0x0000000008004b1c       0x42 ./Drivers/STM32F4xx_HAL_Driver/Src/stm32f4xx_ll_usb.o
                0x0000000008004b1c                USB_DevConnect
 .text.USB_DevDisconnect
                0x0000000008004b5e       0x42 ./Drivers/STM32F4xx_HAL_Driver/Src/stm32f4xx_ll_usb.o
                0x0000000008004b5e                USB_DevDisconnect
 .text.USB_ReadInterrupts
                0x0000000008004ba0       0x26 ./Drivers/STM32F4xx_HAL_Driver/Src/stm32f4xx_ll_usb.o
                0x0000000008004ba0                USB_ReadInterrupts
 .text.USB_ReadDevAllOutEpInterrupt
                0x0000000008004bc6       0x34 ./Drivers/STM32F4xx_HAL_Driver/Src/stm32f4xx_ll_usb.o
                0x0000000008004bc6                USB_ReadDevAllOutEpInterrupt
 .text.USB_ReadDevAllInEpInterrupt
                0x0000000008004bfa       0x34 ./Drivers/STM32F4xx_HAL_Driver/Src/stm32f4xx_ll_usb.o
                0x0000000008004bfa                USB_ReadDevAllInEpInterrupt
 .text.USB_ReadDevOutEPInterrupt
                0x0000000008004c2e       0x3c ./Drivers/STM32F4xx_HAL_Driver/Src/stm32f4xx_ll_usb.o
                0x0000000008004c2e                USB_ReadDevOutEPInterrupt
 .text.USB_ReadDevInEPInterrupt
                0x0000000008004c6a       0x5c ./Drivers/STM32F4xx_HAL_Driver/Src/stm32f4xx_ll_usb.o
                0x0000000008004c6a                USB_ReadDevInEPInterrupt
 .text.USB_GetMode
                0x0000000008004cc6       0x1c ./Drivers/STM32F4xx_HAL_Driver/Src/stm32f4xx_ll_usb.o
                0x0000000008004cc6                USB_GetMode
 .text.USB_ActivateSetup
                0x0000000008004ce2       0x46 ./Drivers/STM32F4xx_HAL_Driver/Src/stm32f4xx_ll_usb.o
                0x0000000008004ce2                USB_ActivateSetup
 .text.USB_EP0_OutStart
                0x0000000008004d28       0xbc ./Drivers/STM32F4xx_HAL_Driver/Src/stm32f4xx_ll_usb.o
                0x0000000008004d28                USB_EP0_OutStart
 .text.USB_CoreReset
                0x0000000008004de4       0x68 ./Drivers/STM32F4xx_HAL_Driver/Src/stm32f4xx_ll_usb.o
 .text.USBD_CDC_Init
                0x0000000008004e4c      0x1f0 ./Middlewares/ST/STM32_USB_Device_Library/Class/CDC/Src/usbd_cdc.o
 .text.USBD_CDC_DeInit
                0x000000000800503c      0x104 ./Middlewares/ST/STM32_USB_Device_Library/Class/CDC/Src/usbd_cdc.o
 .text.USBD_CDC_Setup
                0x0000000008005140      0x1b8 ./Middlewares/ST/STM32_USB_Device_Library/Class/CDC/Src/usbd_cdc.o
 .text.USBD_CDC_DataIn
                0x00000000080052f8       0xfe ./Middlewares/ST/STM32_USB_Device_Library/Class/CDC/Src/usbd_cdc.o
 .text.USBD_CDC_DataOut
                0x00000000080053f6       0x70 ./Middlewares/ST/STM32_USB_Device_Library/Class/CDC/Src/usbd_cdc.o
 .text.USBD_CDC_EP0_RxReady
                0x0000000008005466       0x76 ./Middlewares/ST/STM32_USB_Device_Library/Class/CDC/Src/usbd_cdc.o
 .text.USBD_CDC_GetFSCfgDesc
                0x00000000080054dc       0x70 ./Middlewares/ST/STM32_USB_Device_Library/Class/CDC/Src/usbd_cdc.o
 .text.USBD_CDC_GetHSCfgDesc
                0x000000000800554c       0x70 ./Middlewares/ST/STM32_USB_Device_Library/Class/CDC/Src/usbd_cdc.o
 .text.USBD_CDC_GetOtherSpeedCfgDesc
                0x00000000080055bc       0x70 ./Middlewares/ST/STM32_USB_Device_Library/Class/CDC/Src/usbd_cdc.o
 .text.USBD_CDC_GetDeviceQualifierDescriptor
                0x000000000800562c       0x20 ./Middlewares/ST/STM32_USB_Device_Library/Class/CDC/Src/usbd_cdc.o
                0x000000000800562c                USBD_CDC_GetDeviceQualifierDescriptor
 .text.USBD_CDC_RegisterInterface
                0x000000000800564c       0x34 ./Middlewares/ST/STM32_USB_Device_Library/Class/CDC/Src/usbd_cdc.o
                0x000000000800564c                USBD_CDC_RegisterInterface
 .text.USBD_CDC_SetTxBuffer
                0x0000000008005680       0x44 ./Middlewares/ST/STM32_USB_Device_Library/Class/CDC/Src/usbd_cdc.o
                0x0000000008005680                USBD_CDC_SetTxBuffer
 .text.USBD_CDC_SetRxBuffer
                0x00000000080056c4       0x3a ./Middlewares/ST/STM32_USB_Device_Library/Class/CDC/Src/usbd_cdc.o
                0x00000000080056c4                USBD_CDC_SetRxBuffer
 *fill*         0x00000000080056fe        0x2 
 .text.USBD_CDC_TransmitPacket
                0x0000000008005700       0x8c ./Middlewares/ST/STM32_USB_Device_Library/Class/CDC/Src/usbd_cdc.o
                0x0000000008005700                USBD_CDC_TransmitPacket
 .text.USBD_CDC_ReceivePacket
                0x000000000800578c       0x6c ./Middlewares/ST/STM32_USB_Device_Library/Class/CDC/Src/usbd_cdc.o
                0x000000000800578c                USBD_CDC_ReceivePacket
 .text.USBD_Init
                0x00000000080057f8       0x60 ./Middlewares/ST/STM32_USB_Device_Library/Core/Src/usbd_core.o
                0x00000000080057f8                USBD_Init
 .text.USBD_RegisterClass
                0x0000000008005858       0x6c ./Middlewares/ST/STM32_USB_Device_Library/Core/Src/usbd_core.o
                0x0000000008005858                USBD_RegisterClass
 .text.USBD_Start
                0x00000000080058c4       0x18 ./Middlewares/ST/STM32_USB_Device_Library/Core/Src/usbd_core.o
                0x00000000080058c4                USBD_Start
 .text.USBD_RunTestMode
                0x00000000080058dc       0x16 ./Middlewares/ST/STM32_USB_Device_Library/Core/Src/usbd_core.o
                0x00000000080058dc                USBD_RunTestMode
 .text.USBD_SetClassConfig
                0x00000000080058f2       0x38 ./Middlewares/ST/STM32_USB_Device_Library/Core/Src/usbd_core.o
                0x00000000080058f2                USBD_SetClassConfig
 .text.USBD_ClrClassConfig
                0x000000000800592a       0x34 ./Middlewares/ST/STM32_USB_Device_Library/Core/Src/usbd_core.o
                0x000000000800592a                USBD_ClrClassConfig
 .text.USBD_LL_SetupStage
                0x000000000800595e       0xaa ./Middlewares/ST/STM32_USB_Device_Library/Core/Src/usbd_core.o
                0x000000000800595e                USBD_LL_SetupStage
 .text.USBD_LL_DataOutStage
                0x0000000008005a08      0x166 ./Middlewares/ST/STM32_USB_Device_Library/Core/Src/usbd_core.o
                0x0000000008005a08                USBD_LL_DataOutStage
 .text.USBD_LL_DataInStage
                0x0000000008005b6e      0x164 ./Middlewares/ST/STM32_USB_Device_Library/Core/Src/usbd_core.o
                0x0000000008005b6e                USBD_LL_DataInStage
 .text.USBD_LL_Reset
                0x0000000008005cd2       0xa4 ./Middlewares/ST/STM32_USB_Device_Library/Core/Src/usbd_core.o
                0x0000000008005cd2                USBD_LL_Reset
 .text.USBD_LL_SetSpeed
                0x0000000008005d76       0x20 ./Middlewares/ST/STM32_USB_Device_Library/Core/Src/usbd_core.o
                0x0000000008005d76                USBD_LL_SetSpeed
 .text.USBD_LL_Suspend
                0x0000000008005d96       0x2c ./Middlewares/ST/STM32_USB_Device_Library/Core/Src/usbd_core.o
                0x0000000008005d96                USBD_LL_Suspend
 .text.USBD_LL_Resume
                0x0000000008005dc2       0x30 ./Middlewares/ST/STM32_USB_Device_Library/Core/Src/usbd_core.o
                0x0000000008005dc2                USBD_LL_Resume
 .text.USBD_LL_SOF
                0x0000000008005df2       0x40 ./Middlewares/ST/STM32_USB_Device_Library/Core/Src/usbd_core.o
                0x0000000008005df2                USBD_LL_SOF
 .text.USBD_LL_IsoINIncomplete
                0x0000000008005e32       0x64 ./Middlewares/ST/STM32_USB_Device_Library/Core/Src/usbd_core.o
                0x0000000008005e32                USBD_LL_IsoINIncomplete
 .text.USBD_LL_IsoOUTIncomplete
                0x0000000008005e96       0x64 ./Middlewares/ST/STM32_USB_Device_Library/Core/Src/usbd_core.o
                0x0000000008005e96                USBD_LL_IsoOUTIncomplete
 .text.USBD_LL_DevConnected
                0x0000000008005efa       0x16 ./Middlewares/ST/STM32_USB_Device_Library/Core/Src/usbd_core.o
                0x0000000008005efa                USBD_LL_DevConnected
 .text.USBD_LL_DevDisconnected
                0x0000000008005f10       0x46 ./Middlewares/ST/STM32_USB_Device_Library/Core/Src/usbd_core.o
                0x0000000008005f10                USBD_LL_DevDisconnected
 .text.USBD_CoreFindIF
                0x0000000008005f56       0x1a ./Middlewares/ST/STM32_USB_Device_Library/Core/Src/usbd_core.o
                0x0000000008005f56                USBD_CoreFindIF
 .text.USBD_CoreFindEP
                0x0000000008005f70       0x1a ./Middlewares/ST/STM32_USB_Device_Library/Core/Src/usbd_core.o
                0x0000000008005f70                USBD_CoreFindEP
 .text.USBD_GetEpDesc
                0x0000000008005f8a       0x74 ./Middlewares/ST/STM32_USB_Device_Library/Core/Src/usbd_core.o
                0x0000000008005f8a                USBD_GetEpDesc
 .text.USBD_GetNextDesc
                0x0000000008005ffe       0x3a ./Middlewares/ST/STM32_USB_Device_Library/Core/Src/usbd_core.o
                0x0000000008005ffe                USBD_GetNextDesc
 .text.SWAPBYTE
                0x0000000008006038       0x3c ./Middlewares/ST/STM32_USB_Device_Library/Core/Src/usbd_ctlreq.o
 .text.USBD_StdDevReq
                0x0000000008006074       0xe4 ./Middlewares/ST/STM32_USB_Device_Library/Core/Src/usbd_ctlreq.o
                0x0000000008006074                USBD_StdDevReq
 .text.USBD_StdItfReq
                0x0000000008006158       0xd8 ./Middlewares/ST/STM32_USB_Device_Library/Core/Src/usbd_ctlreq.o
                0x0000000008006158                USBD_StdItfReq
 .text.USBD_StdEPReq
                0x0000000008006230      0x33a ./Middlewares/ST/STM32_USB_Device_Library/Core/Src/usbd_ctlreq.o
                0x0000000008006230                USBD_StdEPReq
 *fill*         0x000000000800656a        0x2 
 .text.USBD_GetDescriptor
                0x000000000800656c      0x2d4 ./Middlewares/ST/STM32_USB_Device_Library/Core/Src/usbd_ctlreq.o
 .text.USBD_SetAddress
                0x0000000008006840       0x88 ./Middlewares/ST/STM32_USB_Device_Library/Core/Src/usbd_ctlreq.o
 .text.USBD_SetConfig
                0x00000000080068c8      0x154 ./Middlewares/ST/STM32_USB_Device_Library/Core/Src/usbd_ctlreq.o
 .text.USBD_GetConfig
                0x0000000008006a1c       0x6c ./Middlewares/ST/STM32_USB_Device_Library/Core/Src/usbd_ctlreq.o
 .text.USBD_GetStatus
                0x0000000008006a88       0x68 ./Middlewares/ST/STM32_USB_Device_Library/Core/Src/usbd_ctlreq.o
 .text.USBD_SetFeature
                0x0000000008006af0       0x52 ./Middlewares/ST/STM32_USB_Device_Library/Core/Src/usbd_ctlreq.o
 .text.USBD_ClrFeature
                0x0000000008006b42       0x44 ./Middlewares/ST/STM32_USB_Device_Library/Core/Src/usbd_ctlreq.o
 .text.USBD_ParseSetupRequest
                0x0000000008006b86       0x74 ./Middlewares/ST/STM32_USB_Device_Library/Core/Src/usbd_ctlreq.o
                0x0000000008006b86                USBD_ParseSetupRequest
 .text.USBD_CtlError
                0x0000000008006bfa       0x22 ./Middlewares/ST/STM32_USB_Device_Library/Core/Src/usbd_ctlreq.o
                0x0000000008006bfa                USBD_CtlError
 .text.USBD_GetString
                0x0000000008006c1c       0x8c ./Middlewares/ST/STM32_USB_Device_Library/Core/Src/usbd_ctlreq.o
                0x0000000008006c1c                USBD_GetString
 .text.USBD_GetLen
                0x0000000008006ca8       0x34 ./Middlewares/ST/STM32_USB_Device_Library/Core/Src/usbd_ctlreq.o
 .text.USBD_CtlSendData
                0x0000000008006cdc       0x36 ./Middlewares/ST/STM32_USB_Device_Library/Core/Src/usbd_ioreq.o
                0x0000000008006cdc                USBD_CtlSendData
 .text.USBD_CtlContinueSendData
                0x0000000008006d12       0x22 ./Middlewares/ST/STM32_USB_Device_Library/Core/Src/usbd_ioreq.o
                0x0000000008006d12                USBD_CtlContinueSendData
 .text.USBD_CtlPrepareRx
                0x0000000008006d34       0x3a ./Middlewares/ST/STM32_USB_Device_Library/Core/Src/usbd_ioreq.o
                0x0000000008006d34                USBD_CtlPrepareRx
 .text.USBD_CtlContinueRx
                0x0000000008006d6e       0x22 ./Middlewares/ST/STM32_USB_Device_Library/Core/Src/usbd_ioreq.o
                0x0000000008006d6e                USBD_CtlContinueRx
 .text.USBD_CtlSendStatus
                0x0000000008006d90       0x26 ./Middlewares/ST/STM32_USB_Device_Library/Core/Src/usbd_ioreq.o
                0x0000000008006d90                USBD_CtlSendStatus
 .text.USBD_CtlReceiveStatus
                0x0000000008006db6       0x26 ./Middlewares/ST/STM32_USB_Device_Library/Core/Src/usbd_ioreq.o
                0x0000000008006db6                USBD_CtlReceiveStatus
 .text.MX_USB_DEVICE_Init
                0x0000000008006ddc       0x60 ./USB_DEVICE/App/usb_device.o
                0x0000000008006ddc                MX_USB_DEVICE_Init
 .text.CDC_Init_FS
                0x0000000008006e3c       0x28 ./USB_DEVICE/App/usbd_cdc_if.o
 .text.CDC_DeInit_FS
                0x0000000008006e64       0x10 ./USB_DEVICE/App/usbd_cdc_if.o
 .text.CDC_Control_FS
                0x0000000008006e74       0xbc ./USB_DEVICE/App/usbd_cdc_if.o
 .text.CDC_Receive_FS
                0x0000000008006f30       0x28 ./USB_DEVICE/App/usbd_cdc_if.o
 .text.CDC_Transmit_FS
                0x0000000008006f58       0x4c ./USB_DEVICE/App/usbd_cdc_if.o
                0x0000000008006f58                CDC_Transmit_FS
 .text.CDC_TransmitCplt_FS
                0x0000000008006fa4       0x22 ./USB_DEVICE/App/usbd_cdc_if.o
 *fill*         0x0000000008006fc6        0x2 
 .text.USBD_FS_DeviceDescriptor
                0x0000000008006fc8       0x24 ./USB_DEVICE/App/usbd_desc.o
                0x0000000008006fc8                USBD_FS_DeviceDescriptor
 .text.USBD_FS_LangIDStrDescriptor
                0x0000000008006fec       0x24 ./USB_DEVICE/App/usbd_desc.o
                0x0000000008006fec                USBD_FS_LangIDStrDescriptor
 .text.USBD_FS_ProductStrDescriptor
                0x0000000008007010       0x3c ./USB_DEVICE/App/usbd_desc.o
                0x0000000008007010                USBD_FS_ProductStrDescriptor
 .text.USBD_FS_ManufacturerStrDescriptor
                0x000000000800704c       0x28 ./USB_DEVICE/App/usbd_desc.o
                0x000000000800704c                USBD_FS_ManufacturerStrDescriptor
 .text.USBD_FS_SerialStrDescriptor
                0x0000000008007074       0x24 ./USB_DEVICE/App/usbd_desc.o
                0x0000000008007074                USBD_FS_SerialStrDescriptor
 .text.USBD_FS_ConfigStrDescriptor
                0x0000000008007098       0x3c ./USB_DEVICE/App/usbd_desc.o
                0x0000000008007098                USBD_FS_ConfigStrDescriptor
 .text.USBD_FS_InterfaceStrDescriptor
                0x00000000080070d4       0x3c ./USB_DEVICE/App/usbd_desc.o
                0x00000000080070d4                USBD_FS_InterfaceStrDescriptor
 .text.Get_SerialNum
                0x0000000008007110       0x58 ./USB_DEVICE/App/usbd_desc.o
 .text.IntToUnicode
                0x0000000008007168       0x7e ./USB_DEVICE/App/usbd_desc.o
 *fill*         0x00000000080071e6        0x2 
 .text.HAL_PCD_MspInit
                0x00000000080071e8       0xa8 ./USB_DEVICE/Target/usbd_conf.o
                0x00000000080071e8                HAL_PCD_MspInit
 .text.HAL_PCD_SetupStageCallback
                0x0000000008007290       0x24 ./USB_DEVICE/Target/usbd_conf.o
                0x0000000008007290                HAL_PCD_SetupStageCallback
 .text.HAL_PCD_DataOutStageCallback
                0x00000000080072b4       0x36 ./USB_DEVICE/Target/usbd_conf.o
                0x00000000080072b4                HAL_PCD_DataOutStageCallback
 .text.HAL_PCD_DataInStageCallback
                0x00000000080072ea       0x34 ./USB_DEVICE/Target/usbd_conf.o
                0x00000000080072ea                HAL_PCD_DataInStageCallback
 .text.HAL_PCD_SOFCallback
                0x000000000800731e       0x1c ./USB_DEVICE/Target/usbd_conf.o
                0x000000000800731e                HAL_PCD_SOFCallback
 .text.HAL_PCD_ResetCallback
                0x000000000800733a       0x50 ./USB_DEVICE/Target/usbd_conf.o
                0x000000000800733a                HAL_PCD_ResetCallback
 *fill*         0x000000000800738a        0x2 
 .text.HAL_PCD_SuspendCallback
                0x000000000800738c       0x4c ./USB_DEVICE/Target/usbd_conf.o
                0x000000000800738c                HAL_PCD_SuspendCallback
 .text.HAL_PCD_ResumeCallback
                0x00000000080073d8       0x1c ./USB_DEVICE/Target/usbd_conf.o
                0x00000000080073d8                HAL_PCD_ResumeCallback
 .text.HAL_PCD_ISOOUTIncompleteCallback
                0x00000000080073f4       0x24 ./USB_DEVICE/Target/usbd_conf.o
                0x00000000080073f4                HAL_PCD_ISOOUTIncompleteCallback
 .text.HAL_PCD_ISOINIncompleteCallback
                0x0000000008007418       0x24 ./USB_DEVICE/Target/usbd_conf.o
                0x0000000008007418                HAL_PCD_ISOINIncompleteCallback
 .text.HAL_PCD_ConnectCallback
                0x000000000800743c       0x1c ./USB_DEVICE/Target/usbd_conf.o
                0x000000000800743c                HAL_PCD_ConnectCallback
 .text.HAL_PCD_DisconnectCallback
                0x0000000008007458       0x1c ./USB_DEVICE/Target/usbd_conf.o
                0x0000000008007458                HAL_PCD_DisconnectCallback
 .text.USBD_LL_Init
                0x0000000008007474       0x98 ./USB_DEVICE/Target/usbd_conf.o
                0x0000000008007474                USBD_LL_Init
 .text.USBD_LL_Start
                0x000000000800750c       0x36 ./USB_DEVICE/Target/usbd_conf.o
                0x000000000800750c                USBD_LL_Start
 .text.USBD_LL_OpenEP
                0x0000000008007542       0x4c ./USB_DEVICE/Target/usbd_conf.o
                0x0000000008007542                USBD_LL_OpenEP
 .text.USBD_LL_CloseEP
                0x000000000800758e       0x3e ./USB_DEVICE/Target/usbd_conf.o
                0x000000000800758e                USBD_LL_CloseEP
 .text.USBD_LL_StallEP
                0x00000000080075cc       0x3e ./USB_DEVICE/Target/usbd_conf.o
                0x00000000080075cc                USBD_LL_StallEP
 .text.USBD_LL_ClearStallEP
                0x000000000800760a       0x3e ./USB_DEVICE/Target/usbd_conf.o
                0x000000000800760a                USBD_LL_ClearStallEP
 .text.USBD_LL_IsStallEP
                0x0000000008007648       0x58 ./USB_DEVICE/Target/usbd_conf.o
                0x0000000008007648                USBD_LL_IsStallEP
 .text.USBD_LL_SetUSBAddress
                0x00000000080076a0       0x3e ./USB_DEVICE/Target/usbd_conf.o
                0x00000000080076a0                USBD_LL_SetUSBAddress
 .text.USBD_LL_Transmit
                0x00000000080076de       0x42 ./USB_DEVICE/Target/usbd_conf.o
                0x00000000080076de                USBD_LL_Transmit
 .text.USBD_LL_PrepareReceive
                0x0000000008007720       0x42 ./USB_DEVICE/Target/usbd_conf.o
                0x0000000008007720                USBD_LL_PrepareReceive
 .text.USBD_LL_GetRxDataSize
                0x0000000008007762       0x26 ./USB_DEVICE/Target/usbd_conf.o
                0x0000000008007762                USBD_LL_GetRxDataSize
 .text.USBD_static_malloc
                0x0000000008007788       0x1c ./USB_DEVICE/Target/usbd_conf.o
                0x0000000008007788                USBD_static_malloc
 .text.USBD_static_free
                0x00000000080077a4       0x14 ./USB_DEVICE/Target/usbd_conf.o
                0x00000000080077a4                USBD_static_free
 .text.USBD_Get_USB_Status
                0x00000000080077b8       0x58 ./USB_DEVICE/Target/usbd_conf.o
                0x00000000080077b8                USBD_Get_USB_Status
 .text.__libc_init_array
                0x0000000008007810       0x48 c:/st/stm32cubeide_1.11.0/stm32cubeide/plugins/com.st.stm32cube.ide.mcu.externaltools.gnu-tools-for-stm32.10.3-2021.10.win32_1.0.100.202210260954/tools/bin/../lib/gcc/arm-none-eabi/10.3.1/../../../../arm-none-eabi/lib/thumb/v7e-m+fp/hard\libc_nano.a(lib_a-init.o)
                0x0000000008007810                __libc_init_array
 .text.memset   0x0000000008007858       0x10 c:/st/stm32cubeide_1.11.0/stm32cubeide/plugins/com.st.stm32cube.ide.mcu.externaltools.gnu-tools-for-stm32.10.3-2021.10.win32_1.0.100.202210260954/tools/bin/../lib/gcc/arm-none-eabi/10.3.1/../../../../arm-none-eabi/lib/thumb/v7e-m+fp/hard\libc_nano.a(lib_a-memset.o)
                0x0000000008007858                memset
 *(.glue_7)
 .glue_7        0x0000000008007868        0x0 linker stubs
 *(.glue_7t)
 .glue_7t       0x0000000008007868        0x0 linker stubs
 *(.eh_frame)
 .eh_frame      0x0000000008007868        0x0 c:/st/stm32cubeide_1.11.0/stm32cubeide/plugins/com.st.stm32cube.ide.mcu.externaltools.gnu-tools-for-stm32.10.3-2021.10.win32_1.0.100.202210260954/tools/bin/../lib/gcc/arm-none-eabi/10.3.1/thumb/v7e-m+fp/hard/crtbegin.o
 *(.init)
 .init          0x0000000008007868        0x4 c:/st/stm32cubeide_1.11.0/stm32cubeide/plugins/com.st.stm32cube.ide.mcu.externaltools.gnu-tools-for-stm32.10.3-2021.10.win32_1.0.100.202210260954/tools/bin/../lib/gcc/arm-none-eabi/10.3.1/thumb/v7e-m+fp/hard/crti.o
                0x0000000008007868                _init
 .init          0x000000000800786c        0x8 c:/st/stm32cubeide_1.11.0/stm32cubeide/plugins/com.st.stm32cube.ide.mcu.externaltools.gnu-tools-for-stm32.10.3-2021.10.win32_1.0.100.202210260954/tools/bin/../lib/gcc/arm-none-eabi/10.3.1/thumb/v7e-m+fp/hard/crtn.o
 *(.fini)
 .fini          0x0000000008007874        0x4 c:/st/stm32cubeide_1.11.0/stm32cubeide/plugins/com.st.stm32cube.ide.mcu.externaltools.gnu-tools-for-stm32.10.3-2021.10.win32_1.0.100.202210260954/tools/bin/../lib/gcc/arm-none-eabi/10.3.1/thumb/v7e-m+fp/hard/crti.o
                0x0000000008007874                _fini
 .fini          0x0000000008007878        0x8 c:/st/stm32cubeide_1.11.0/stm32cubeide/plugins/com.st.stm32cube.ide.mcu.externaltools.gnu-tools-for-stm32.10.3-2021.10.win32_1.0.100.202210260954/tools/bin/../lib/gcc/arm-none-eabi/10.3.1/thumb/v7e-m+fp/hard/crtn.o
                0x0000000008007880                . = ALIGN (0x4)
                0x0000000008007880                _etext = .

.vfp11_veneer   0x0000000008007880        0x0
 .vfp11_veneer  0x0000000008007880        0x0 linker stubs

.v4_bx          0x0000000008007880        0x0
 .v4_bx         0x0000000008007880        0x0 linker stubs

.iplt           0x0000000008007880        0x0
 .iplt          0x0000000008007880        0x0 c:/st/stm32cubeide_1.11.0/stm32cubeide/plugins/com.st.stm32cube.ide.mcu.externaltools.gnu-tools-for-stm32.10.3-2021.10.win32_1.0.100.202210260954/tools/bin/../lib/gcc/arm-none-eabi/10.3.1/thumb/v7e-m+fp/hard/crtbegin.o

.rodata         0x0000000008007880       0xa8
                0x0000000008007880                . = ALIGN (0x4)
 *(.rodata)
 .rodata        0x0000000008007880       0x4f ./Core/Src/main.o
 *fill*         0x00000000080078cf        0x1 
 .rodata        0x00000000080078d0       0x46 ./USB_DEVICE/App/usbd_desc.o
 *(.rodata*)
 *fill*         0x0000000008007916        0x2 
 .rodata.AHBPrescTable
                0x0000000008007918       0x10 ./Core/Src/system_stm32f4xx.o
                0x0000000008007918                AHBPrescTable
                0x0000000008007928                . = ALIGN (0x4)

.ARM.extab      0x0000000008007928        0x0
                0x0000000008007928                . = ALIGN (0x4)
 *(.ARM.extab* .gnu.linkonce.armextab.*)
                0x0000000008007928                . = ALIGN (0x4)

.ARM            0x0000000008007928        0x8
                0x0000000008007928                . = ALIGN (0x4)
                0x0000000008007928                __exidx_start = .
 *(.ARM.exidx*)
 .ARM.exidx     0x0000000008007928        0x8 c:/st/stm32cubeide_1.11.0/stm32cubeide/plugins/com.st.stm32cube.ide.mcu.externaltools.gnu-tools-for-stm32.10.3-2021.10.win32_1.0.100.202210260954/tools/bin/../lib/gcc/arm-none-eabi/10.3.1/thumb/v7e-m+fp/hard\libgcc.a(_udivmoddi4.o)
                0x0000000008007930                __exidx_end = .
                0x0000000008007930                . = ALIGN (0x4)

.rel.dyn        0x0000000008007930        0x0
 .rel.iplt      0x0000000008007930        0x0 c:/st/stm32cubeide_1.11.0/stm32cubeide/plugins/com.st.stm32cube.ide.mcu.externaltools.gnu-tools-for-stm32.10.3-2021.10.win32_1.0.100.202210260954/tools/bin/../lib/gcc/arm-none-eabi/10.3.1/thumb/v7e-m+fp/hard/crtbegin.o

.preinit_array  0x0000000008007930        0x0
                0x0000000008007930                . = ALIGN (0x4)
                0x0000000008007930                PROVIDE (__preinit_array_start = .)
 *(.preinit_array*)
                0x0000000008007930                PROVIDE (__preinit_array_end = .)
                0x0000000008007930                . = ALIGN (0x4)

.init_array     0x0000000008007930        0x4
                0x0000000008007930                . = ALIGN (0x4)
                0x0000000008007930                PROVIDE (__init_array_start = .)
 *(SORT_BY_NAME(.init_array.*))
 *(.init_array*)
 .init_array    0x0000000008007930        0x4 c:/st/stm32cubeide_1.11.0/stm32cubeide/plugins/com.st.stm32cube.ide.mcu.externaltools.gnu-tools-for-stm32.10.3-2021.10.win32_1.0.100.202210260954/tools/bin/../lib/gcc/arm-none-eabi/10.3.1/thumb/v7e-m+fp/hard/crtbegin.o
                0x0000000008007934                PROVIDE (__init_array_end = .)
                0x0000000008007934                . = ALIGN (0x4)

.fini_array     0x0000000008007934        0x4
                0x0000000008007934                . = ALIGN (0x4)
                [!provide]                        PROVIDE (__fini_array_start = .)
 *(SORT_BY_NAME(.fini_array.*))
 *(.fini_array*)
 .fini_array    0x0000000008007934        0x4 c:/st/stm32cubeide_1.11.0/stm32cubeide/plugins/com.st.stm32cube.ide.mcu.externaltools.gnu-tools-for-stm32.10.3-2021.10.win32_1.0.100.202210260954/tools/bin/../lib/gcc/arm-none-eabi/10.3.1/thumb/v7e-m+fp/hard/crtbegin.o
                [!provide]                        PROVIDE (__fini_array_end = .)
                0x0000000008007938                . = ALIGN (0x4)
                0x0000000008007938                _sidata = LOADADDR (.data)

.data           0x0000000020000000      0x144 load address 0x0000000008007938
                0x0000000020000000                . = ALIGN (0x4)
                0x0000000020000000                _sdata = .
 *(.data)
 *(.data*)
 .data.morsecode
                0x0000000020000000       0x24 ./Core/Src/main.o
                0x0000000020000000                morsecode
 .data.name_surname
                0x0000000020000024       0x24 ./Core/Src/main.o
                0x0000000020000024                name_surname
 .data.SystemCoreClock
                0x0000000020000048        0x4 ./Core/Src/system_stm32f4xx.o
                0x0000000020000048                SystemCoreClock
 .data.uwTickPrio
                0x000000002000004c        0x4 ./Drivers/STM32F4xx_HAL_Driver/Src/stm32f4xx_hal.o
                0x000000002000004c                uwTickPrio
 .data.uwTickFreq
                0x0000000020000050        0x1 ./Drivers/STM32F4xx_HAL_Driver/Src/stm32f4xx_hal.o
                0x0000000020000050                uwTickFreq
 *fill*         0x0000000020000051        0x3 
 .data.USBD_CDC_DeviceQualifierDesc
                0x0000000020000054        0xa ./Middlewares/ST/STM32_USB_Device_Library/Class/CDC/Src/usbd_cdc.o
 *fill*         0x000000002000005e        0x2 
 .data.USBD_CDC
                0x0000000020000060       0x38 ./Middlewares/ST/STM32_USB_Device_Library/Class/CDC/Src/usbd_cdc.o
                0x0000000020000060                USBD_CDC
 .data.USBD_CDC_CfgDesc
                0x0000000020000098       0x43 ./Middlewares/ST/STM32_USB_Device_Library/Class/CDC/Src/usbd_cdc.o
 .data.CDCInEpAdd
                0x00000000200000db        0x1 ./Middlewares/ST/STM32_USB_Device_Library/Class/CDC/Src/usbd_cdc.o
 .data.CDCOutEpAdd
                0x00000000200000dc        0x1 ./Middlewares/ST/STM32_USB_Device_Library/Class/CDC/Src/usbd_cdc.o
 .data.CDCCmdEpAdd
                0x00000000200000dd        0x1 ./Middlewares/ST/STM32_USB_Device_Library/Class/CDC/Src/usbd_cdc.o
 *fill*         0x00000000200000de        0x2 
 .data.USBD_Interface_fops_FS
                0x00000000200000e0       0x14 ./USB_DEVICE/App/usbd_cdc_if.o
                0x00000000200000e0                USBD_Interface_fops_FS
 .data.FS_Desc  0x00000000200000f4       0x1c ./USB_DEVICE/App/usbd_desc.o
                0x00000000200000f4                FS_Desc
 .data.USBD_FS_DeviceDesc
                0x0000000020000110       0x12 ./USB_DEVICE/App/usbd_desc.o
                0x0000000020000110                USBD_FS_DeviceDesc
 *fill*         0x0000000020000122        0x2 
 .data.USBD_LangIDDesc
                0x0000000020000124        0x4 ./USB_DEVICE/App/usbd_desc.o
                0x0000000020000124                USBD_LangIDDesc
 .data.USBD_StringSerial
                0x0000000020000128       0x1a ./USB_DEVICE/App/usbd_desc.o
                0x0000000020000128                USBD_StringSerial
 *(.RamFunc)
 *(.RamFunc*)
                0x0000000020000144                . = ALIGN (0x4)
 *fill*         0x0000000020000142        0x2 
                0x0000000020000144                _edata = .
                0x0000000008007a7c                _siccmram = LOADADDR (.ccmram)

.igot.plt       0x0000000020000144        0x0 load address 0x0000000008007a7c
 .igot.plt      0x0000000020000144        0x0 c:/st/stm32cubeide_1.11.0/stm32cubeide/plugins/com.st.stm32cube.ide.mcu.externaltools.gnu-tools-for-stm32.10.3-2021.10.win32_1.0.100.202210260954/tools/bin/../lib/gcc/arm-none-eabi/10.3.1/thumb/v7e-m+fp/hard/crtbegin.o

.ccmram         0x0000000010000000        0x0 load address 0x0000000008007a7c
                0x0000000010000000                . = ALIGN (0x4)
                0x0000000010000000                _sccmram = .
 *(.ccmram)
 *(.ccmram*)
                0x0000000010000000                . = ALIGN (0x4)
                0x0000000010000000                _eccmram = .
                0x0000000010000000                . = ALIGN (0x4)

.bss            0x0000000020000144     0x1c7c
                0x0000000020000144                _sbss = .
                0x0000000020000144                __bss_start__ = _sbss
 *(.bss)
 .bss           0x0000000020000144       0x1c c:/st/stm32cubeide_1.11.0/stm32cubeide/plugins/com.st.stm32cube.ide.mcu.externaltools.gnu-tools-for-stm32.10.3-2021.10.win32_1.0.100.202210260954/tools/bin/../lib/gcc/arm-none-eabi/10.3.1/thumb/v7e-m+fp/hard/crtbegin.o
 *(.bss*)
 .bss.htim6     0x0000000020000160       0x48 ./Core/Src/main.o
                0x0000000020000160                htim6
 .bss.iteretor  0x00000000200001a8        0x6 ./Core/Src/main.o
                0x00000000200001a8                iteretor
 *fill*         0x00000000200001ae        0x2 
 .bss.uwTick    0x00000000200001b0        0x4 ./Drivers/STM32F4xx_HAL_Driver/Src/stm32f4xx_hal.o
                0x00000000200001b0                uwTick
 .bss.cfgidx.0  0x00000000200001b4        0x1 ./Middlewares/ST/STM32_USB_Device_Library/Core/Src/usbd_ctlreq.o
 *fill*         0x00000000200001b5        0x3 
 .bss.hUsbDeviceFS
                0x00000000200001b8      0x2dc ./USB_DEVICE/App/usb_device.o
                0x00000000200001b8                hUsbDeviceFS
 .bss.UserRxBufferFS
                0x0000000020000494      0x800 ./USB_DEVICE/App/usbd_cdc_if.o
                0x0000000020000494                UserRxBufferFS
 .bss.UserTxBufferFS
                0x0000000020000c94      0x800 ./USB_DEVICE/App/usbd_cdc_if.o
                0x0000000020000c94                UserTxBufferFS
 .bss.USBD_StrDesc
                0x0000000020001494      0x200 ./USB_DEVICE/App/usbd_desc.o
                0x0000000020001494                USBD_StrDesc
 .bss.hpcd_USB_OTG_FS
                0x0000000020001694      0x50c ./USB_DEVICE/Target/usbd_conf.o
                0x0000000020001694                hpcd_USB_OTG_FS
 .bss.mem.0     0x0000000020001ba0      0x220 ./USB_DEVICE/Target/usbd_conf.o
 *(COMMON)
                0x0000000020001dc0                . = ALIGN (0x4)
                0x0000000020001dc0                _ebss = .
                0x0000000020001dc0                __bss_end__ = _ebss

._user_heap_stack
                0x0000000020001dc0      0x600
                0x0000000020001dc0                . = ALIGN (0x8)
                [!provide]                        PROVIDE (end = .)
                0x0000000020001dc0                PROVIDE (_end = .)
                0x0000000020001fc0                . = (. + _Min_Heap_Size)
 *fill*         0x0000000020001dc0      0x200 
                0x00000000200023c0                . = (. + _Min_Stack_Size)
 *fill*         0x0000000020001fc0      0x400 
                0x00000000200023c0                . = ALIGN (0x8)

/DISCARD/
 libc.a(*)
 libm.a(*)
 libgcc.a(*)

.ARM.attributes
                0x0000000000000000       0x30
 *(.ARM.attributes)
 .ARM.attributes
                0x0000000000000000       0x1e c:/st/stm32cubeide_1.11.0/stm32cubeide/plugins/com.st.stm32cube.ide.mcu.externaltools.gnu-tools-for-stm32.10.3-2021.10.win32_1.0.100.202210260954/tools/bin/../lib/gcc/arm-none-eabi/10.3.1/thumb/v7e-m+fp/hard/crti.o
 .ARM.attributes
                0x000000000000001e       0x34 c:/st/stm32cubeide_1.11.0/stm32cubeide/plugins/com.st.stm32cube.ide.mcu.externaltools.gnu-tools-for-stm32.10.3-2021.10.win32_1.0.100.202210260954/tools/bin/../lib/gcc/arm-none-eabi/10.3.1/thumb/v7e-m+fp/hard/crtbegin.o
 .ARM.attributes
                0x0000000000000052       0x34 ./Core/Src/main.o
 .ARM.attributes
                0x0000000000000086       0x34 ./Core/Src/stm32f4xx_hal_msp.o
 .ARM.attributes
                0x00000000000000ba       0x34 ./Core/Src/stm32f4xx_it.o
 .ARM.attributes
                0x00000000000000ee       0x34 ./Core/Src/system_stm32f4xx.o
 .ARM.attributes
                0x0000000000000122       0x21 ./Core/Startup/startup_stm32f407vgtx.o
 .ARM.attributes
                0x0000000000000143       0x34 ./Drivers/STM32F4xx_HAL_Driver/Src/stm32f4xx_hal.o
 .ARM.attributes
                0x0000000000000177       0x34 ./Drivers/STM32F4xx_HAL_Driver/Src/stm32f4xx_hal_cortex.o
 .ARM.attributes
                0x00000000000001ab       0x34 ./Drivers/STM32F4xx_HAL_Driver/Src/stm32f4xx_hal_gpio.o
 .ARM.attributes
                0x00000000000001df       0x34 ./Drivers/STM32F4xx_HAL_Driver/Src/stm32f4xx_hal_pcd.o
 .ARM.attributes
                0x0000000000000213       0x34 ./Drivers/STM32F4xx_HAL_Driver/Src/stm32f4xx_hal_pcd_ex.o
 .ARM.attributes
                0x0000000000000247       0x34 ./Drivers/STM32F4xx_HAL_Driver/Src/stm32f4xx_hal_rcc.o
 .ARM.attributes
                0x000000000000027b       0x34 ./Drivers/STM32F4xx_HAL_Driver/Src/stm32f4xx_hal_tim.o
 .ARM.attributes
                0x00000000000002af       0x34 ./Drivers/STM32F4xx_HAL_Driver/Src/stm32f4xx_hal_tim_ex.o
 .ARM.attributes
                0x00000000000002e3       0x34 ./Drivers/STM32F4xx_HAL_Driver/Src/stm32f4xx_ll_usb.o
 .ARM.attributes
                0x0000000000000317       0x34 ./Middlewares/ST/STM32_USB_Device_Library/Class/CDC/Src/usbd_cdc.o
 .ARM.attributes
                0x000000000000034b       0x34 ./Middlewares/ST/STM32_USB_Device_Library/Core/Src/usbd_core.o
 .ARM.attributes
                0x000000000000037f       0x34 ./Middlewares/ST/STM32_USB_Device_Library/Core/Src/usbd_ctlreq.o
 .ARM.attributes
                0x00000000000003b3       0x34 ./Middlewares/ST/STM32_USB_Device_Library/Core/Src/usbd_ioreq.o
 .ARM.attributes
                0x00000000000003e7       0x34 ./USB_DEVICE/App/usb_device.o
 .ARM.attributes
                0x000000000000041b       0x34 ./USB_DEVICE/App/usbd_cdc_if.o
 .ARM.attributes
                0x000000000000044f       0x34 ./USB_DEVICE/App/usbd_desc.o
 .ARM.attributes
                0x0000000000000483       0x34 ./USB_DEVICE/Target/usbd_conf.o
 .ARM.attributes
                0x00000000000004b7       0x34 c:/st/stm32cubeide_1.11.0/stm32cubeide/plugins/com.st.stm32cube.ide.mcu.externaltools.gnu-tools-for-stm32.10.3-2021.10.win32_1.0.100.202210260954/tools/bin/../lib/gcc/arm-none-eabi/10.3.1/../../../../arm-none-eabi/lib/thumb/v7e-m+fp/hard\libc_nano.a(lib_a-init.o)
 .ARM.attributes
                0x00000000000004eb       0x34 c:/st/stm32cubeide_1.11.0/stm32cubeide/plugins/com.st.stm32cube.ide.mcu.externaltools.gnu-tools-for-stm32.10.3-2021.10.win32_1.0.100.202210260954/tools/bin/../lib/gcc/arm-none-eabi/10.3.1/../../../../arm-none-eabi/lib/thumb/v7e-m+fp/hard\libc_nano.a(lib_a-memset.o)
 .ARM.attributes
                0x000000000000051f       0x1c c:/st/stm32cubeide_1.11.0/stm32cubeide/plugins/com.st.stm32cube.ide.mcu.externaltools.gnu-tools-for-stm32.10.3-2021.10.win32_1.0.100.202210260954/tools/bin/../lib/gcc/arm-none-eabi/10.3.1/../../../../arm-none-eabi/lib/thumb/v7e-m+fp/hard\libc_nano.a(lib_a-strcmp.o)
 .ARM.attributes
                0x000000000000053b       0x17 c:/st/stm32cubeide_1.11.0/stm32cubeide/plugins/com.st.stm32cube.ide.mcu.externaltools.gnu-tools-for-stm32.10.3-2021.10.win32_1.0.100.202210260954/tools/bin/../lib/gcc/arm-none-eabi/10.3.1/../../../../arm-none-eabi/lib/thumb/v7e-m+fp/hard\libc_nano.a(lib_a-strlen.o)
 .ARM.attributes
                0x0000000000000552       0x1e c:/st/stm32cubeide_1.11.0/stm32cubeide/plugins/com.st.stm32cube.ide.mcu.externaltools.gnu-tools-for-stm32.10.3-2021.10.win32_1.0.100.202210260954/tools/bin/../lib/gcc/arm-none-eabi/10.3.1/thumb/v7e-m+fp/hard\libgcc.a(_aeabi_uldivmod.o)
 .ARM.attributes
                0x0000000000000570       0x34 c:/st/stm32cubeide_1.11.0/stm32cubeide/plugins/com.st.stm32cube.ide.mcu.externaltools.gnu-tools-for-stm32.10.3-2021.10.win32_1.0.100.202210260954/tools/bin/../lib/gcc/arm-none-eabi/10.3.1/thumb/v7e-m+fp/hard\libgcc.a(_udivmoddi4.o)
 .ARM.attributes
                0x00000000000005a4       0x1e c:/st/stm32cubeide_1.11.0/stm32cubeide/plugins/com.st.stm32cube.ide.mcu.externaltools.gnu-tools-for-stm32.10.3-2021.10.win32_1.0.100.202210260954/tools/bin/../lib/gcc/arm-none-eabi/10.3.1/thumb/v7e-m+fp/hard\libgcc.a(_dvmd_tls.o)
 .ARM.attributes
                0x00000000000005c2       0x1e c:/st/stm32cubeide_1.11.0/stm32cubeide/plugins/com.st.stm32cube.ide.mcu.externaltools.gnu-tools-for-stm32.10.3-2021.10.win32_1.0.100.202210260954/tools/bin/../lib/gcc/arm-none-eabi/10.3.1/thumb/v7e-m+fp/hard/crtn.o
OUTPUT(midterm2.elf elf32-littlearm)
LOAD linker stubs
LOAD c:/st/stm32cubeide_1.11.0/stm32cubeide/plugins/com.st.stm32cube.ide.mcu.externaltools.gnu-tools-for-stm32.10.3-2021.10.win32_1.0.100.202210260954/tools/bin/../lib/gcc/arm-none-eabi/10.3.1/../../../../arm-none-eabi/lib/thumb/v7e-m+fp/hard\libc.a
LOAD c:/st/stm32cubeide_1.11.0/stm32cubeide/plugins/com.st.stm32cube.ide.mcu.externaltools.gnu-tools-for-stm32.10.3-2021.10.win32_1.0.100.202210260954/tools/bin/../lib/gcc/arm-none-eabi/10.3.1/../../../../arm-none-eabi/lib/thumb/v7e-m+fp/hard\libm.a
LOAD c:/st/stm32cubeide_1.11.0/stm32cubeide/plugins/com.st.stm32cube.ide.mcu.externaltools.gnu-tools-for-stm32.10.3-2021.10.win32_1.0.100.202210260954/tools/bin/../lib/gcc/arm-none-eabi/10.3.1/thumb/v7e-m+fp/hard\libgcc.a

.debug_info     0x0000000000000000    0x13894
 .debug_info    0x0000000000000000     0x117b ./Core/Src/main.o
 .debug_info    0x000000000000117b      0xb5b ./Core/Src/stm32f4xx_hal_msp.o
 .debug_info    0x0000000000001cd6      0xc55 ./Core/Src/stm32f4xx_it.o
 .debug_info    0x000000000000292b      0x523 ./Core/Src/system_stm32f4xx.o
 .debug_info    0x0000000000002e4e       0x22 ./Core/Startup/startup_stm32f407vgtx.o
 .debug_info    0x0000000000002e70      0x97c ./Drivers/STM32F4xx_HAL_Driver/Src/stm32f4xx_hal.o
 .debug_info    0x00000000000037ec      0xe1b ./Drivers/STM32F4xx_HAL_Driver/Src/stm32f4xx_hal_cortex.o
 .debug_info    0x0000000000004607      0x76a ./Drivers/STM32F4xx_HAL_Driver/Src/stm32f4xx_hal_gpio.o
 .debug_info    0x0000000000004d71     0x1695 ./Drivers/STM32F4xx_HAL_Driver/Src/stm32f4xx_hal_pcd.o
 .debug_info    0x0000000000006406      0x717 ./Drivers/STM32F4xx_HAL_Driver/Src/stm32f4xx_hal_pcd_ex.o
 .debug_info    0x0000000000006b1d      0x966 ./Drivers/STM32F4xx_HAL_Driver/Src/stm32f4xx_hal_rcc.o
 .debug_info    0x0000000000007483     0x2bbe ./Drivers/STM32F4xx_HAL_Driver/Src/stm32f4xx_hal_tim.o
 .debug_info    0x000000000000a041     0x15e0 ./Drivers/STM32F4xx_HAL_Driver/Src/stm32f4xx_hal_tim_ex.o
 .debug_info    0x000000000000b621     0x1a97 ./Drivers/STM32F4xx_HAL_Driver/Src/stm32f4xx_ll_usb.o
 .debug_info    0x000000000000d0b8     0x130c ./Middlewares/ST/STM32_USB_Device_Library/Class/CDC/Src/usbd_cdc.o
 .debug_info    0x000000000000e3c4      0xee7 ./Middlewares/ST/STM32_USB_Device_Library/Core/Src/usbd_core.o
 .debug_info    0x000000000000f2ab      0xb7f ./Middlewares/ST/STM32_USB_Device_Library/Core/Src/usbd_ctlreq.o
 .debug_info    0x000000000000fe2a      0x7da ./Middlewares/ST/STM32_USB_Device_Library/Core/Src/usbd_ioreq.o
 .debug_info    0x0000000000010604      0x76a ./USB_DEVICE/App/usb_device.o
 .debug_info    0x0000000000010d6e      0x96f ./USB_DEVICE/App/usbd_cdc_if.o
 .debug_info    0x00000000000116dd      0x498 ./USB_DEVICE/App/usbd_desc.o
 .debug_info    0x0000000000011b75     0x1d1f ./USB_DEVICE/Target/usbd_conf.o

.debug_abbrev   0x0000000000000000     0x2f03
 .debug_abbrev  0x0000000000000000      0x2ba ./Core/Src/main.o
 .debug_abbrev  0x00000000000002ba      0x19f ./Core/Src/stm32f4xx_hal_msp.o
 .debug_abbrev  0x0000000000000459      0x1ea ./Core/Src/stm32f4xx_it.o
 .debug_abbrev  0x0000000000000643      0x116 ./Core/Src/system_stm32f4xx.o
 .debug_abbrev  0x0000000000000759       0x12 ./Core/Startup/startup_stm32f407vgtx.o
 .debug_abbrev  0x000000000000076b      0x20d ./Drivers/STM32F4xx_HAL_Driver/Src/stm32f4xx_hal.o
 .debug_abbrev  0x0000000000000978      0x316 ./Drivers/STM32F4xx_HAL_Driver/Src/stm32f4xx_hal_cortex.o
 .debug_abbrev  0x0000000000000c8e      0x1c4 ./Drivers/STM32F4xx_HAL_Driver/Src/stm32f4xx_hal_gpio.o
 .debug_abbrev  0x0000000000000e52      0x2bb ./Drivers/STM32F4xx_HAL_Driver/Src/stm32f4xx_hal_pcd.o
 .debug_abbrev  0x000000000000110d      0x1ce ./Drivers/STM32F4xx_HAL_Driver/Src/stm32f4xx_hal_pcd_ex.o
 .debug_abbrev  0x00000000000012db      0x2aa ./Drivers/STM32F4xx_HAL_Driver/Src/stm32f4xx_hal_rcc.o
 .debug_abbrev  0x0000000000001585      0x25d ./Drivers/STM32F4xx_HAL_Driver/Src/stm32f4xx_hal_tim.o
 .debug_abbrev  0x00000000000017e2      0x265 ./Drivers/STM32F4xx_HAL_Driver/Src/stm32f4xx_hal_tim_ex.o
 .debug_abbrev  0x0000000000001a47      0x296 ./Drivers/STM32F4xx_HAL_Driver/Src/stm32f4xx_ll_usb.o
 .debug_abbrev  0x0000000000001cdd      0x2be ./Middlewares/ST/STM32_USB_Device_Library/Class/CDC/Src/usbd_cdc.o
 .debug_abbrev  0x0000000000001f9b      0x263 ./Middlewares/ST/STM32_USB_Device_Library/Core/Src/usbd_core.o
 .debug_abbrev  0x00000000000021fe      0x25c ./Middlewares/ST/STM32_USB_Device_Library/Core/Src/usbd_ctlreq.o
 .debug_abbrev  0x000000000000245a      0x18a ./Middlewares/ST/STM32_USB_Device_Library/Core/Src/usbd_ioreq.o
 .debug_abbrev  0x00000000000025e4      0x18a ./USB_DEVICE/App/usb_device.o
 .debug_abbrev  0x000000000000276e      0x290 ./USB_DEVICE/App/usbd_cdc_if.o
 .debug_abbrev  0x00000000000029fe      0x1da ./USB_DEVICE/App/usbd_desc.o
 .debug_abbrev  0x0000000000002bd8      0x32b ./USB_DEVICE/Target/usbd_conf.o

.debug_aranges  0x0000000000000000     0x10b0
 .debug_aranges
                0x0000000000000000       0x50 ./Core/Src/main.o
 .debug_aranges
                0x0000000000000050       0x30 ./Core/Src/stm32f4xx_hal_msp.o
 .debug_aranges
                0x0000000000000080       0x80 ./Core/Src/stm32f4xx_it.o
 .debug_aranges
                0x0000000000000100       0x28 ./Core/Src/system_stm32f4xx.o
 .debug_aranges
                0x0000000000000128       0x28 ./Core/Startup/startup_stm32f407vgtx.o
 .debug_aranges
                0x0000000000000150       0xf0 ./Drivers/STM32F4xx_HAL_Driver/Src/stm32f4xx_hal.o
 .debug_aranges
                0x0000000000000240      0x118 ./Drivers/STM32F4xx_HAL_Driver/Src/stm32f4xx_hal_cortex.o
 .debug_aranges
                0x0000000000000358       0x58 ./Drivers/STM32F4xx_HAL_Driver/Src/stm32f4xx_hal_gpio.o
 .debug_aranges
                0x00000000000003b0      0x148 ./Drivers/STM32F4xx_HAL_Driver/Src/stm32f4xx_hal_pcd.o
 .debug_aranges
                0x00000000000004f8       0x38 ./Drivers/STM32F4xx_HAL_Driver/Src/stm32f4xx_hal_pcd_ex.o
 .debug_aranges
                0x0000000000000530       0x88 ./Drivers/STM32F4xx_HAL_Driver/Src/stm32f4xx_hal_rcc.o
 .debug_aranges
                0x00000000000005b8      0x3d0 ./Drivers/STM32F4xx_HAL_Driver/Src/stm32f4xx_hal_tim.o
 .debug_aranges
                0x0000000000000988      0x168 ./Drivers/STM32F4xx_HAL_Driver/Src/stm32f4xx_hal_tim_ex.o
 .debug_aranges
                0x0000000000000af0      0x1a0 ./Drivers/STM32F4xx_HAL_Driver/Src/stm32f4xx_ll_usb.o
 .debug_aranges
                0x0000000000000c90       0x90 ./Middlewares/ST/STM32_USB_Device_Library/Class/CDC/Src/usbd_cdc.o
 .debug_aranges
                0x0000000000000d20       0xd8 ./Middlewares/ST/STM32_USB_Device_Library/Core/Src/usbd_core.o
 .debug_aranges
                0x0000000000000df8       0x90 ./Middlewares/ST/STM32_USB_Device_Library/Core/Src/usbd_ctlreq.o
 .debug_aranges
                0x0000000000000e88       0x50 ./Middlewares/ST/STM32_USB_Device_Library/Core/Src/usbd_ioreq.o
 .debug_aranges
                0x0000000000000ed8       0x20 ./USB_DEVICE/App/usb_device.o
 .debug_aranges
                0x0000000000000ef8       0x48 ./USB_DEVICE/App/usbd_cdc_if.o
 .debug_aranges
                0x0000000000000f40       0x60 ./USB_DEVICE/App/usbd_desc.o
 .debug_aranges
                0x0000000000000fa0      0x110 ./USB_DEVICE/Target/usbd_conf.o

.debug_ranges   0x0000000000000000      0xf58
 .debug_ranges  0x0000000000000000       0x40 ./Core/Src/main.o
 .debug_ranges  0x0000000000000040       0x20 ./Core/Src/stm32f4xx_hal_msp.o
 .debug_ranges  0x0000000000000060       0x70 ./Core/Src/stm32f4xx_it.o
 .debug_ranges  0x00000000000000d0       0x18 ./Core/Src/system_stm32f4xx.o
 .debug_ranges  0x00000000000000e8       0x20 ./Core/Startup/startup_stm32f407vgtx.o
 .debug_ranges  0x0000000000000108       0xe0 ./Drivers/STM32F4xx_HAL_Driver/Src/stm32f4xx_hal.o
 .debug_ranges  0x00000000000001e8      0x108 ./Drivers/STM32F4xx_HAL_Driver/Src/stm32f4xx_hal_cortex.o
 .debug_ranges  0x00000000000002f0       0x48 ./Drivers/STM32F4xx_HAL_Driver/Src/stm32f4xx_hal_gpio.o
 .debug_ranges  0x0000000000000338      0x138 ./Drivers/STM32F4xx_HAL_Driver/Src/stm32f4xx_hal_pcd.o
 .debug_ranges  0x0000000000000470       0x28 ./Drivers/STM32F4xx_HAL_Driver/Src/stm32f4xx_hal_pcd_ex.o
 .debug_ranges  0x0000000000000498       0x78 ./Drivers/STM32F4xx_HAL_Driver/Src/stm32f4xx_hal_rcc.o
 .debug_ranges  0x0000000000000510      0x3c0 ./Drivers/STM32F4xx_HAL_Driver/Src/stm32f4xx_hal_tim.o
 .debug_ranges  0x00000000000008d0      0x158 ./Drivers/STM32F4xx_HAL_Driver/Src/stm32f4xx_hal_tim_ex.o
 .debug_ranges  0x0000000000000a28      0x190 ./Drivers/STM32F4xx_HAL_Driver/Src/stm32f4xx_ll_usb.o
 .debug_ranges  0x0000000000000bb8       0x80 ./Middlewares/ST/STM32_USB_Device_Library/Class/CDC/Src/usbd_cdc.o
 .debug_ranges  0x0000000000000c38       0xc8 ./Middlewares/ST/STM32_USB_Device_Library/Core/Src/usbd_core.o
 .debug_ranges  0x0000000000000d00       0x80 ./Middlewares/ST/STM32_USB_Device_Library/Core/Src/usbd_ctlreq.o
 .debug_ranges  0x0000000000000d80       0x40 ./Middlewares/ST/STM32_USB_Device_Library/Core/Src/usbd_ioreq.o
 .debug_ranges  0x0000000000000dc0       0x10 ./USB_DEVICE/App/usb_device.o
 .debug_ranges  0x0000000000000dd0       0x38 ./USB_DEVICE/App/usbd_cdc_if.o
 .debug_ranges  0x0000000000000e08       0x50 ./USB_DEVICE/App/usbd_desc.o
 .debug_ranges  0x0000000000000e58      0x100 ./USB_DEVICE/Target/usbd_conf.o

.debug_macro    0x0000000000000000    0x23ab8
 .debug_macro   0x0000000000000000      0x438 ./Core/Src/main.o
 .debug_macro   0x0000000000000438      0xa78 ./Core/Src/main.o
 .debug_macro   0x0000000000000eb0      0x29b ./Core/Src/main.o
 .debug_macro   0x000000000000114b       0x2e ./Core/Src/main.o
 .debug_macro   0x0000000000001179       0x2f ./Core/Src/main.o
 .debug_macro   0x00000000000011a8       0x22 ./Core/Src/main.o
 .debug_macro   0x00000000000011ca       0x8e ./Core/Src/main.o
 .debug_macro   0x0000000000001258       0x51 ./Core/Src/main.o
 .debug_macro   0x00000000000012a9      0x103 ./Core/Src/main.o
 .debug_macro   0x00000000000013ac       0x6a ./Core/Src/main.o
 .debug_macro   0x0000000000001416      0x1df ./Core/Src/main.o
 .debug_macro   0x00000000000015f5       0x1c ./Core/Src/main.o
 .debug_macro   0x0000000000001611       0x22 ./Core/Src/main.o
 .debug_macro   0x0000000000001633       0xd9 ./Core/Src/main.o
 .debug_macro   0x000000000000170c     0x102d ./Core/Src/main.o
 .debug_macro   0x0000000000002739      0x11f ./Core/Src/main.o
 .debug_macro   0x0000000000002858    0x15e82 ./Core/Src/main.o
 .debug_macro   0x00000000000186da       0x6d ./Core/Src/main.o
 .debug_macro   0x0000000000018747     0x367e ./Core/Src/main.o
 .debug_macro   0x000000000001bdc5      0x174 ./Core/Src/main.o
 .debug_macro   0x000000000001bf39       0x5c ./Core/Src/main.o
 .debug_macro   0x000000000001bf95      0x96b ./Core/Src/main.o
 .debug_macro   0x000000000001c900      0x9fe ./Core/Src/main.o
 .debug_macro   0x000000000001d2fe      0x115 ./Core/Src/main.o
 .debug_macro   0x000000000001d413      0x13e ./Core/Src/main.o
 .debug_macro   0x000000000001d551       0xa5 ./Core/Src/main.o
 .debug_macro   0x000000000001d5f6      0x174 ./Core/Src/main.o
 .debug_macro   0x000000000001d76a      0x287 ./Core/Src/main.o
 .debug_macro   0x000000000001d9f1       0x5f ./Core/Src/main.o
 .debug_macro   0x000000000001da50      0x236 ./Core/Src/main.o
 .debug_macro   0x000000000001dc86      0x12c ./Core/Src/main.o
 .debug_macro   0x000000000001ddb2      0x21e ./Core/Src/main.o
 .debug_macro   0x000000000001dfd0       0x2e ./Core/Src/main.o
 .debug_macro   0x000000000001dffe      0x11a ./Core/Src/main.o
 .debug_macro   0x000000000001e118       0x7e ./Core/Src/main.o
 .debug_macro   0x000000000001e196       0x89 ./Core/Src/main.o
 .debug_macro   0x000000000001e21f      0x8e6 ./Core/Src/main.o
 .debug_macro   0x000000000001eb05       0x47 ./Core/Src/main.o
 .debug_macro   0x000000000001eb4c      0x248 ./Core/Src/main.o
 .debug_macro   0x000000000001ed94       0xba ./Core/Src/main.o
 .debug_macro   0x000000000001ee4e      0x12d ./Core/Src/main.o
 .debug_macro   0x000000000001ef7b       0x34 ./Core/Src/main.o
 .debug_macro   0x000000000001efaf       0x52 ./Core/Src/main.o
 .debug_macro   0x000000000001f001       0x1e ./Core/Src/main.o
 .debug_macro   0x000000000001f01f       0x3c ./Core/Src/main.o
 .debug_macro   0x000000000001f05b       0x34 ./Core/Src/main.o
 .debug_macro   0x000000000001f08f       0x16 ./Core/Src/main.o
 .debug_macro   0x000000000001f0a5       0x35 ./Core/Src/main.o
 .debug_macro   0x000000000001f0da      0x341 ./Core/Src/main.o
 .debug_macro   0x000000000001f41b       0x10 ./Core/Src/main.o
 .debug_macro   0x000000000001f42b       0x16 ./Core/Src/main.o
 .debug_macro   0x000000000001f441       0x43 ./Core/Src/main.o
 .debug_macro   0x000000000001f484       0x34 ./Core/Src/main.o
 .debug_macro   0x000000000001f4b8       0x10 ./Core/Src/main.o
 .debug_macro   0x000000000001f4c8       0x58 ./Core/Src/main.o
 .debug_macro   0x000000000001f520       0x71 ./Core/Src/main.o
 .debug_macro   0x000000000001f591       0x1c ./Core/Src/main.o
 .debug_macro   0x000000000001f5ad      0x12a ./Core/Src/main.o
 .debug_macro   0x000000000001f6d7       0x10 ./Core/Src/main.o
 .debug_macro   0x000000000001f6e7       0x1c ./Core/Src/main.o
 .debug_macro   0x000000000001f703       0x52 ./Core/Src/main.o
 .debug_macro   0x000000000001f755       0x22 ./Core/Src/main.o
 .debug_macro   0x000000000001f777       0x10 ./Core/Src/main.o
 .debug_macro   0x000000000001f787       0x52 ./Core/Src/main.o
 .debug_macro   0x000000000001f7d9       0xd5 ./Core/Src/main.o
 .debug_macro   0x000000000001f8ae       0x1c ./Core/Src/main.o
 .debug_macro   0x000000000001f8ca       0x3d ./Core/Src/main.o
 .debug_macro   0x000000000001f907       0x16 ./Core/Src/main.o
 .debug_macro   0x000000000001f91d      0x145 ./Core/Src/main.o
 .debug_macro   0x000000000001fa62       0x16 ./Core/Src/main.o
 .debug_macro   0x000000000001fa78       0x16 ./Core/Src/main.o
 .debug_macro   0x000000000001fa8e       0x29 ./Core/Src/main.o
 .debug_macro   0x000000000001fab7       0x16 ./Core/Src/main.o
 .debug_macro   0x000000000001facd       0x20 ./Core/Src/main.o
 .debug_macro   0x000000000001faed       0x65 ./Core/Src/main.o
 .debug_macro   0x000000000001fb52      0x20f ./Core/Src/main.o
 .debug_macro   0x000000000001fd61       0x95 ./Core/Src/main.o
 .debug_macro   0x000000000001fdf6       0x10 ./Core/Src/main.o
 .debug_macro   0x000000000001fe06      0x1f7 ./Core/Src/stm32f4xx_hal_msp.o
 .debug_macro   0x000000000001fffd      0x201 ./Core/Src/stm32f4xx_it.o
 .debug_macro   0x00000000000201fe      0x1e8 ./Core/Src/system_stm32f4xx.o
 .debug_macro   0x00000000000203e6      0x248 ./Drivers/STM32F4xx_HAL_Driver/Src/stm32f4xx_hal.o
 .debug_macro   0x000000000002062e      0x1e8 ./Drivers/STM32F4xx_HAL_Driver/Src/stm32f4xx_hal_cortex.o
 .debug_macro   0x0000000000020816      0x1ee ./Drivers/STM32F4xx_HAL_Driver/Src/stm32f4xx_hal_gpio.o
 .debug_macro   0x0000000000020a04      0x1f4 ./Drivers/STM32F4xx_HAL_Driver/Src/stm32f4xx_hal_pcd.o
 .debug_macro   0x0000000000020bf8      0x1e8 ./Drivers/STM32F4xx_HAL_Driver/Src/stm32f4xx_hal_pcd_ex.o
 .debug_macro   0x0000000000020de0      0x20c ./Drivers/STM32F4xx_HAL_Driver/Src/stm32f4xx_hal_rcc.o
 .debug_macro   0x0000000000020fec      0x1e9 ./Drivers/STM32F4xx_HAL_Driver/Src/stm32f4xx_hal_tim.o
 .debug_macro   0x00000000000211d5      0x1e8 ./Drivers/STM32F4xx_HAL_Driver/Src/stm32f4xx_hal_tim_ex.o
 .debug_macro   0x00000000000213bd      0x1e8 ./Drivers/STM32F4xx_HAL_Driver/Src/stm32f4xx_ll_usb.o
 .debug_macro   0x00000000000215a5      0x40d ./Middlewares/ST/STM32_USB_Device_Library/Class/CDC/Src/usbd_cdc.o
 .debug_macro   0x00000000000219b2       0x97 ./Middlewares/ST/STM32_USB_Device_Library/Class/CDC/Src/usbd_cdc.o
 .debug_macro   0x0000000000021a49       0xfd ./Middlewares/ST/STM32_USB_Device_Library/Class/CDC/Src/usbd_cdc.o
 .debug_macro   0x0000000000021b46       0x56 ./Middlewares/ST/STM32_USB_Device_Library/Class/CDC/Src/usbd_cdc.o
 .debug_macro   0x0000000000021b9c      0x3f4 ./Middlewares/ST/STM32_USB_Device_Library/Core/Src/usbd_core.o
 .debug_macro   0x0000000000021f90      0x215 ./Middlewares/ST/STM32_USB_Device_Library/Core/Src/usbd_core.o
 .debug_macro   0x00000000000221a5      0x3fe ./Middlewares/ST/STM32_USB_Device_Library/Core/Src/usbd_ctlreq.o
 .debug_macro   0x00000000000225a3      0x3fa ./Middlewares/ST/STM32_USB_Device_Library/Core/Src/usbd_ioreq.o
 .debug_macro   0x000000000002299d      0x42d ./USB_DEVICE/App/usb_device.o
 .debug_macro   0x0000000000022dca       0x3a ./USB_DEVICE/App/usb_device.o
 .debug_macro   0x0000000000022e04       0x22 ./USB_DEVICE/App/usb_device.o
 .debug_macro   0x0000000000022e26       0x16 ./USB_DEVICE/App/usb_device.o
 .debug_macro   0x0000000000022e3c      0x418 ./USB_DEVICE/App/usbd_cdc_if.o
 .debug_macro   0x0000000000023254      0x437 ./USB_DEVICE/App/usbd_desc.o
 .debug_macro   0x000000000002368b       0x1c ./USB_DEVICE/App/usbd_desc.o
 .debug_macro   0x00000000000236a7      0x411 ./USB_DEVICE/Target/usbd_conf.o

.debug_line     0x0000000000000000    0x14298
 .debug_line    0x0000000000000000      0xc03 ./Core/Src/main.o
 .debug_line    0x0000000000000c03      0x72e ./Core/Src/stm32f4xx_hal_msp.o
 .debug_line    0x0000000000001331      0x815 ./Core/Src/stm32f4xx_it.o
 .debug_line    0x0000000000001b46      0x774 ./Core/Src/system_stm32f4xx.o
 .debug_line    0x00000000000022ba       0x88 ./Core/Startup/startup_stm32f407vgtx.o
 .debug_line    0x0000000000002342      0x9da ./Drivers/STM32F4xx_HAL_Driver/Src/stm32f4xx_hal.o
 .debug_line    0x0000000000002d1c      0xc89 ./Drivers/STM32F4xx_HAL_Driver/Src/stm32f4xx_hal_cortex.o
 .debug_line    0x00000000000039a5      0xb4e ./Drivers/STM32F4xx_HAL_Driver/Src/stm32f4xx_hal_gpio.o
 .debug_line    0x00000000000044f3     0x147d ./Drivers/STM32F4xx_HAL_Driver/Src/stm32f4xx_hal_pcd.o
 .debug_line    0x0000000000005970      0x7bd ./Drivers/STM32F4xx_HAL_Driver/Src/stm32f4xx_hal_pcd_ex.o
 .debug_line    0x000000000000612d      0xd56 ./Drivers/STM32F4xx_HAL_Driver/Src/stm32f4xx_hal_rcc.o
 .debug_line    0x0000000000006e83     0x36ce ./Drivers/STM32F4xx_HAL_Driver/Src/stm32f4xx_hal_tim.o
 .debug_line    0x000000000000a551     0x19d7 ./Drivers/STM32F4xx_HAL_Driver/Src/stm32f4xx_hal_tim_ex.o
 .debug_line    0x000000000000bf28     0x1a97 ./Drivers/STM32F4xx_HAL_Driver/Src/stm32f4xx_ll_usb.o
 .debug_line    0x000000000000d9bf      0xf07 ./Middlewares/ST/STM32_USB_Device_Library/Class/CDC/Src/usbd_cdc.o
 .debug_line    0x000000000000e8c6      0xf81 ./Middlewares/ST/STM32_USB_Device_Library/Core/Src/usbd_core.o
 .debug_line    0x000000000000f847     0x1152 ./Middlewares/ST/STM32_USB_Device_Library/Core/Src/usbd_ctlreq.o
 .debug_line    0x0000000000010999      0xa99 ./Middlewares/ST/STM32_USB_Device_Library/Core/Src/usbd_ioreq.o
 .debug_line    0x0000000000011432      0xa55 ./USB_DEVICE/App/usb_device.o
 .debug_line    0x0000000000011e87      0xab8 ./USB_DEVICE/App/usbd_cdc_if.o
 .debug_line    0x000000000001293f      0xb1e ./USB_DEVICE/App/usbd_desc.o
 .debug_line    0x000000000001345d      0xe3b ./USB_DEVICE/Target/usbd_conf.o

.debug_str      0x0000000000000000    0xcc719
 .debug_str     0x0000000000000000    0xc83e0 ./Core/Src/main.o
                                      0xc87ad (size before relaxing)
 .debug_str     0x00000000000c83e0       0xcf ./Core/Src/stm32f4xx_hal_msp.o
                                      0xc37e0 (size before relaxing)
 .debug_str     0x00000000000c84af      0x4a5 ./Core/Src/stm32f4xx_it.o
                                      0xc3612 (size before relaxing)
 .debug_str     0x00000000000c8954       0xdb ./Core/Src/system_stm32f4xx.o
                                      0xc2d2b (size before relaxing)
 .debug_str     0x00000000000c8a2f       0x36 ./Core/Startup/startup_stm32f407vgtx.o
                                         0x72 (size before relaxing)
 .debug_str     0x00000000000c8a65      0x5f0 ./Drivers/STM32F4xx_HAL_Driver/Src/stm32f4xx_hal.o
                                      0xc38af (size before relaxing)
 .debug_str     0x00000000000c9055      0x326 ./Drivers/STM32F4xx_HAL_Driver/Src/stm32f4xx_hal_cortex.o
                                      0xc35e2 (size before relaxing)
 .debug_str     0x00000000000c937b       0xe7 ./Drivers/STM32F4xx_HAL_Driver/Src/stm32f4xx_hal_gpio.o
                                      0xc2ea6 (size before relaxing)
 .debug_str     0x00000000000c9462      0x832 ./Drivers/STM32F4xx_HAL_Driver/Src/stm32f4xx_hal_pcd.o
                                      0xc37ed (size before relaxing)
 .debug_str     0x00000000000c9c94      0x115 ./Drivers/STM32F4xx_HAL_Driver/Src/stm32f4xx_hal_pcd_ex.o
                                      0xc30dc (size before relaxing)
 .debug_str     0x00000000000c9da9      0x21f ./Drivers/STM32F4xx_HAL_Driver/Src/stm32f4xx_hal_rcc.o
                                      0xc315f (size before relaxing)
 .debug_str     0x00000000000c9fc8      0xe55 ./Drivers/STM32F4xx_HAL_Driver/Src/stm32f4xx_hal_tim.o
                                      0xc40a5 (size before relaxing)
 .debug_str     0x00000000000cae1d      0x493 ./Drivers/STM32F4xx_HAL_Driver/Src/stm32f4xx_hal_tim_ex.o
                                      0xc38c1 (size before relaxing)
 .debug_str     0x00000000000cb2b0      0x44d ./Drivers/STM32F4xx_HAL_Driver/Src/stm32f4xx_ll_usb.o
                                      0xc3655 (size before relaxing)
 .debug_str     0x00000000000cb6fd      0x6fe ./Middlewares/ST/STM32_USB_Device_Library/Class/CDC/Src/usbd_cdc.o
                                      0xc83fa (size before relaxing)
 .debug_str     0x00000000000cbdfb      0x35c ./Middlewares/ST/STM32_USB_Device_Library/Core/Src/usbd_core.o
                                      0xc7d70 (size before relaxing)
 .debug_str     0x00000000000cc157      0x139 ./Middlewares/ST/STM32_USB_Device_Library/Core/Src/usbd_ctlreq.o
                                      0xc7b9b (size before relaxing)
 .debug_str     0x00000000000cc290       0x51 ./Middlewares/ST/STM32_USB_Device_Library/Core/Src/usbd_ioreq.o
                                      0xc7a70 (size before relaxing)
 .debug_str     0x00000000000cc2e1       0xc6 ./USB_DEVICE/App/usb_device.o
                                      0xc7e23 (size before relaxing)
 .debug_str     0x00000000000cc3a7       0x91 ./USB_DEVICE/App/usbd_cdc_if.o
                                      0xc7e63 (size before relaxing)
 .debug_str     0x00000000000cc438      0x26e ./USB_DEVICE/App/usbd_desc.o
                                      0xc7970 (size before relaxing)
 .debug_str     0x00000000000cc6a6       0x73 ./USB_DEVICE/Target/usbd_conf.o
                                      0xc8c48 (size before relaxing)

.comment        0x0000000000000000       0x50
 .comment       0x0000000000000000       0x50 ./Core/Src/main.o
                                         0x51 (size before relaxing)
 .comment       0x0000000000000050       0x51 ./Core/Src/stm32f4xx_hal_msp.o
 .comment       0x0000000000000050       0x51 ./Core/Src/stm32f4xx_it.o
 .comment       0x0000000000000050       0x51 ./Core/Src/system_stm32f4xx.o
 .comment       0x0000000000000050       0x51 ./Drivers/STM32F4xx_HAL_Driver/Src/stm32f4xx_hal.o
 .comment       0x0000000000000050       0x51 ./Drivers/STM32F4xx_HAL_Driver/Src/stm32f4xx_hal_cortex.o
 .comment       0x0000000000000050       0x51 ./Drivers/STM32F4xx_HAL_Driver/Src/stm32f4xx_hal_gpio.o
 .comment       0x0000000000000050       0x51 ./Drivers/STM32F4xx_HAL_Driver/Src/stm32f4xx_hal_pcd.o
 .comment       0x0000000000000050       0x51 ./Drivers/STM32F4xx_HAL_Driver/Src/stm32f4xx_hal_pcd_ex.o
 .comment       0x0000000000000050       0x51 ./Drivers/STM32F4xx_HAL_Driver/Src/stm32f4xx_hal_rcc.o
 .comment       0x0000000000000050       0x51 ./Drivers/STM32F4xx_HAL_Driver/Src/stm32f4xx_hal_tim.o
 .comment       0x0000000000000050       0x51 ./Drivers/STM32F4xx_HAL_Driver/Src/stm32f4xx_hal_tim_ex.o
 .comment       0x0000000000000050       0x51 ./Drivers/STM32F4xx_HAL_Driver/Src/stm32f4xx_ll_usb.o